Archive member included to satisfy reference by file (symbol)

C:/Users/Asus/.pico-sdk/toolchain/13_3_Rel1/bin/../lib/gcc/arm-none-eabi/13.3.1/thumb/v6-m/nofp\libgcc.a(_dvmd_tls.o)
                              examples/hello_analog_microphone/CMakeFiles/hello_analog_microphone.dir/C_/Users/Asus/.pico-sdk/sdk/2.1.0/src/rp2_common/pico_divider/divider_hardware.S.obj (__aeabi_idiv0)
C:/Users/Asus/.pico-sdk/toolchain/13_3_Rel1/bin/../lib/gcc/arm-none-eabi/13.3.1/thumb/v6-m/nofp\libg.a(libc_a-calloc.o)
                              examples/hello_analog_microphone/CMakeFiles/hello_analog_microphone.dir/C_/Users/Asus/.pico-sdk/sdk/2.1.0/src/rp2_common/pico_malloc/malloc.c.obj (calloc)
C:/Users/Asus/.pico-sdk/toolchain/13_3_Rel1/bin/../lib/gcc/arm-none-eabi/13.3.1/thumb/v6-m/nofp\libg.a(libc_a-callocr.o)
                              C:/Users/Asus/.pico-sdk/toolchain/13_3_Rel1/bin/../lib/gcc/arm-none-eabi/13.3.1/thumb/v6-m/nofp\libg.a(libc_a-calloc.o) (_calloc_r)
C:/Users/Asus/.pico-sdk/toolchain/13_3_Rel1/bin/../lib/gcc/arm-none-eabi/13.3.1/thumb/v6-m/nofp\libg.a(libc_a-malloc.o)
                              examples/hello_analog_microphone/CMakeFiles/hello_analog_microphone.dir/C_/Users/Asus/.pico-sdk/sdk/2.1.0/src/rp2_common/pico_malloc/malloc.c.obj (malloc)
C:/Users/Asus/.pico-sdk/toolchain/13_3_Rel1/bin/../lib/gcc/arm-none-eabi/13.3.1/thumb/v6-m/nofp\libg.a(libc_a-mallocr.o)
                              C:/Users/Asus/.pico-sdk/toolchain/13_3_Rel1/bin/../lib/gcc/arm-none-eabi/13.3.1/thumb/v6-m/nofp\libg.a(libc_a-callocr.o) (_malloc_r)
C:/Users/Asus/.pico-sdk/toolchain/13_3_Rel1/bin/../lib/gcc/arm-none-eabi/13.3.1/thumb/v6-m/nofp\libg.a(libc_a-mlock.o)
                              C:/Users/Asus/.pico-sdk/toolchain/13_3_Rel1/bin/../lib/gcc/arm-none-eabi/13.3.1/thumb/v6-m/nofp\libg.a(libc_a-mallocr.o) (__malloc_lock)
C:/Users/Asus/.pico-sdk/toolchain/13_3_Rel1/bin/../lib/gcc/arm-none-eabi/13.3.1/thumb/v6-m/nofp\libg.a(libc_a-realloc.o)
                              examples/hello_analog_microphone/CMakeFiles/hello_analog_microphone.dir/C_/Users/Asus/.pico-sdk/sdk/2.1.0/src/rp2_common/pico_malloc/malloc.c.obj (realloc)
C:/Users/Asus/.pico-sdk/toolchain/13_3_Rel1/bin/../lib/gcc/arm-none-eabi/13.3.1/thumb/v6-m/nofp\libg.a(libc_a-reallocr.o)
                              C:/Users/Asus/.pico-sdk/toolchain/13_3_Rel1/bin/../lib/gcc/arm-none-eabi/13.3.1/thumb/v6-m/nofp\libg.a(libc_a-realloc.o) (_realloc_r)
C:/Users/Asus/.pico-sdk/toolchain/13_3_Rel1/bin/../lib/gcc/arm-none-eabi/13.3.1/thumb/v6-m/nofp\libg.a(libc_a-memcmp.o)
                              examples/hello_analog_microphone/CMakeFiles/hello_analog_microphone.dir/C_/Users/Asus/.pico-sdk/sdk/2.1.0/src/rp2_common/pico_atomic/atomic.c.obj (memcmp)
C:/Users/Asus/.pico-sdk/toolchain/13_3_Rel1/bin/../lib/gcc/arm-none-eabi/13.3.1/thumb/v6-m/nofp\libg.a(libc_a-memmove.o)
                              C:/Users/Asus/.pico-sdk/toolchain/13_3_Rel1/bin/../lib/gcc/arm-none-eabi/13.3.1/thumb/v6-m/nofp\libg.a(libc_a-reallocr.o) (memmove)
C:/Users/Asus/.pico-sdk/toolchain/13_3_Rel1/bin/../lib/gcc/arm-none-eabi/13.3.1/thumb/v6-m/nofp\libg.a(libc_a-lcltime_r.o)
                              examples/hello_analog_microphone/CMakeFiles/hello_analog_microphone.dir/C_/Users/Asus/.pico-sdk/sdk/2.1.0/src/common/pico_util/datetime.c.obj (localtime_r)
C:/Users/Asus/.pico-sdk/toolchain/13_3_Rel1/bin/../lib/gcc/arm-none-eabi/13.3.1/thumb/v6-m/nofp\libg.a(libc_a-mktime.o)
                              examples/hello_analog_microphone/CMakeFiles/hello_analog_microphone.dir/C_/Users/Asus/.pico-sdk/sdk/2.1.0/src/common/pico_util/datetime.c.obj (mktime)
C:/Users/Asus/.pico-sdk/toolchain/13_3_Rel1/bin/../lib/gcc/arm-none-eabi/13.3.1/thumb/v6-m/nofp\libg.a(libc_a-month_lengths.o)
                              C:/Users/Asus/.pico-sdk/toolchain/13_3_Rel1/bin/../lib/gcc/arm-none-eabi/13.3.1/thumb/v6-m/nofp\libg.a(libc_a-lcltime_r.o) (__month_lengths)
C:/Users/Asus/.pico-sdk/toolchain/13_3_Rel1/bin/../lib/gcc/arm-none-eabi/13.3.1/thumb/v6-m/nofp\libg.a(libc_a-tzcalc_limits.o)
                              C:/Users/Asus/.pico-sdk/toolchain/13_3_Rel1/bin/../lib/gcc/arm-none-eabi/13.3.1/thumb/v6-m/nofp\libg.a(libc_a-lcltime_r.o) (__tzcalc_limits)
C:/Users/Asus/.pico-sdk/toolchain/13_3_Rel1/bin/../lib/gcc/arm-none-eabi/13.3.1/thumb/v6-m/nofp\libg.a(libc_a-tzlock.o)
                              C:/Users/Asus/.pico-sdk/toolchain/13_3_Rel1/bin/../lib/gcc/arm-none-eabi/13.3.1/thumb/v6-m/nofp\libg.a(libc_a-lcltime_r.o) (__tz_lock)
C:/Users/Asus/.pico-sdk/toolchain/13_3_Rel1/bin/../lib/gcc/arm-none-eabi/13.3.1/thumb/v6-m/nofp\libg.a(libc_a-tzset.o)
                              C:/Users/Asus/.pico-sdk/toolchain/13_3_Rel1/bin/../lib/gcc/arm-none-eabi/13.3.1/thumb/v6-m/nofp\libg.a(libc_a-lcltime_r.o) (_tzset_unlocked)
C:/Users/Asus/.pico-sdk/toolchain/13_3_Rel1/bin/../lib/gcc/arm-none-eabi/13.3.1/thumb/v6-m/nofp\libg.a(libc_a-tzset_r.o)
[...]
Memory Configuration

Name             Origin             Length             Attributes
FLASH            0x10000000         0x00200000         xr
RAM              0x20000000         0x00040000         xrw
SCRATCH_X        0x20040000         0x00001000         xrw
SCRATCH_Y        0x20041000         0x00001000         xrw
*default*        0x00000000         0xffffffff

Linker script and memory map

LOAD C:/Users/Asus/.pico-sdk/toolchain/13_3_Rel1/bin/../lib/gcc/arm-none-eabi/13.3.1/thumb/v6-m/nofp/crti.o
LOAD C:/Users/Asus/.pico-sdk/toolchain/13_3_Rel1/bin/../lib/gcc/arm-none-eabi/13.3.1/thumb/v6-m/nofp/crtbegin.o
LOAD C:/Users/Asus/.pico-sdk/toolchain/13_3_Rel1/bin/../lib/gcc/arm-none-eabi/13.3.1/thumb/v6-m/nofp/crt0.o

.flash_begin    0x10000000        0x0
                0x10000000                        __flash_binary_start = .

.boot2          0x10000000      0x100
                0x10000000                        __boot2_start__ = .
 *(.boot2)
 .boot2         0x10000000      0x100 pico-sdk/src/rp2040/boot_stage2/CMakeFiles/bs2_default_library.dir/./bs2_default_padded_checksummed.S.obj
                0x10000100                        __boot2_end__ = .
                0x00000001                        ASSERT (((__boot2_end__ - __boot2_start__) == 0x100), ERROR: Pico second stage bootloader must be 256 bytes in size)

.text           0x10000100     0x7764
                0x10000100                        __logical_binary_start = .
 *(.vectors)
 .vectors       0x10000100       0xd4 examples/hello_analog_microphone/CMakeFiles/hello_analog_microphone.dir/C_/Users/Asus/.pico-sdk/sdk/2.1.0/src/rp2_common/pico_crt0/crt0.S.obj
                0x10000100                __VECTOR_TABLE
                0x10000100                __vectors
                0x100001c0                isr_invalid
                0x100001c0                __default_isrs_start
                0x100001c2                isr_nmi
                0x100001c4                isr_hardfault
                0x100001c6                isr_svcall
                0x100001c8                isr_pendsv
                0x100001ca                isr_systick
                0x100001cc                isr_irq23
                0x100001cc                isr_irq18
                0x100001cc                isr_irq11
                0x100001cc                isr_irq28
                0x100001cc                isr_irq19
                0x100001cc                isr_irq0
                0x100001cc                isr_irq6
                0x100001cc                isr_irq5
                0x100001cc                isr_irq12
                0x100001cc                isr_irq22
                0x100001cc                isr_irq31
                0x100001cc                isr_irq17
                0x100001cc                isr_irq27
                0x100001cc                isr_irq30
                0x100001cc                isr_irq2
                0x100001cc                isr_irq10
                0x100001cc                isr_irq8
                0x100001cc                isr_irq24
                0x100001cc                isr_irq1
                0x100001cc                isr_irq7
                0x100001cc                isr_irq21
                0x100001cc                isr_irq20
                0x100001cc                isr_irq15
                0x100001cc                isr_irq25
                0x100001cc                isr_irq13
                0x100001cc                __unhandled_user_irq
                0x100001cc                isr_irq4
                0x100001cc                isr_irq16
                0x100001cc                isr_irq29
                0x100001cc                isr_irq26
                0x100001cc                __default_isrs_end
                0x100001cc                isr_irq3
                0x100001cc                isr_irq14
                0x100001cc                isr_irq9
                0x100001d2                unhandled_user_irq_num_in_r0
 *(.binary_info_header)
 .binary_info_header
                0x100001d4       0x14 examples/hello_analog_microphone/CMakeFiles/hello_analog_microphone.dir/C_/Users/Asus/.pico-sdk/sdk/2.1.0/src/rp2_common/pico_crt0/crt0.S.obj
                0x100001e8                        __binary_info_header_end = .
 *(.embedded_block)
                0x100001e8                        __embedded_block_end = .
 *(.reset)
 .reset         0x100001e8       0x9c examples/hello_analog_microphone/CMakeFiles/hello_analog_microphone.dir/C_/Users/Asus/.pico-sdk/sdk/2.1.0/src/rp2_common/pico_crt0/crt0.S.obj
                0x100001e8                _entry_point
 *(.init)
 .init          0x10000284        0x4 C:/Users/Asus/.pico-sdk/toolchain/13_3_Rel1/bin/../lib/gcc/arm-none-eabi/13.3.1/thumb/v6-m/nofp/crti.o
                0x10000284                _init
 *(EXCLUDE_FILE(*libm.a: *libc.a:*lib_a-mem*.o *libgcc.a:) .text*)
 .text.register_tm_clones
                0x10000288       0x28 C:/Users/Asus/.pico-sdk/toolchain/13_3_Rel1/bin/../lib/gcc/arm-none-eabi/13.3.1/thumb/v6-m/nofp/crtbegin.o
 .text.frame_dummy
                0x100002b0       0x24 C:/Users/Asus/.pico-sdk/toolchain/13_3_Rel1/bin/../lib/gcc/arm-none-eabi/13.3.1/thumb/v6-m/nofp/crtbegin.o
 .text.on_analog_samples_ready
                0x100002d4       0x1c examples/hello_analog_microphone/CMakeFiles/hello_analog_microphone.dir/main.c.obj
                0x100002d4                on_analog_samples_ready
 .text.startup.main
                0x100002f0       0xbc examples/hello_analog_microphone/CMakeFiles/hello_analog_microphone.dir/main.c.obj
                0x100002f0                main
 .text.analog_dma_handler
                0x100003ac       0x70 examples/hello_analog_microphone/CMakeFiles/hello_analog_microphone.dir/__/__/src/analog_microphone.c.obj
 .text.analog_microphone_deinit
                0x1000041c       0x38 examples/hello_analog_microphone/CMakeFiles/hello_analog_microphone.dir/__/__/src/analog_microphone.c.obj
                0x1000041c                analog_microphone_deinit
 .text.analog_microphone_init
                0x10000454      0x19c examples/hello_analog_microphone/CMakeFiles/hello_analog_microphone.dir/__/__/src/analog_microphone.c.obj
                0x10000454                analog_microphone_init
 .text.analog_microphone_start
                0x100005f0       0x70 examples/hello_analog_microphone/CMakeFiles/hello_analog_microphone.dir/__/__/src/analog_microphone.c.obj
                0x100005f0                analog_microphone_start
 .text.analog_microphone_set_samples_ready_handler
                0x10000660        0xc examples/hello_analog_microphone/CMakeFiles/hello_analog_microphone.dir/__/__/src/analog_microphone.c.obj
                0x10000660                analog_microphone_set_samples_ready_handler
 .text.analog_microphone_read
                0x1000066c       0x4c examples/hello_analog_microphone/CMakeFiles/hello_analog_microphone.dir/__/__/src/analog_microphone.c.obj
                0x1000066c                analog_microphone_read
 .text.gpio_set_function
                0x100006b8       0x34 examples/hello_analog_microphone/CMakeFiles/hello_analog_microphone.dir/C_/Users/Asus/.pico-sdk/sdk/2.1.0/src/rp2_common/hardware_gpio/gpio.c.obj
                0x100006b8                gpio_set_function
 .text.gpio_set_pulls
                0x100006ec       0x28 examples/hello_analog_microphone/CMakeFiles/hello_analog_microphone.dir/C_/Users/Asus/.pico-sdk/sdk/2.1.0/src/rp2_common/hardware_gpio/gpio.c.obj
                0x100006ec                gpio_set_pulls
 .text.gpio_set_input_enabled
                0x10000714       0x28 examples/hello_analog_microphone/CMakeFiles/hello_analog_microphone.dir/C_/Users/Asus/.pico-sdk/sdk/2.1.0/src/rp2_common/hardware_gpio/gpio.c.obj
                0x10000714                gpio_set_input_enabled
 .text.gpio_init
                0x1000073c       0x40 examples/hello_analog_microphone/CMakeFiles/hello_analog_microphone.dir/C_/Users/Asus/.pico-sdk/sdk/2.1.0/src/rp2_common/hardware_gpio/gpio.c.obj
                0x1000073c                gpio_init
 .text.rp2040_chip_version
                0x1000077c        0xc examples/hello_analog_microphone/CMakeFiles/hello_analog_microphone.dir/C_/Users/Asus/.pico-sdk/sdk/2.1.0/src/rp2040/pico_platform/platform.c.obj
                0x1000077c                rp2040_chip_version
 .text.panic    0x10000788       0x30 examples/hello_analog_microphone/CMakeFiles/hello_analog_microphone.dir/C_/Users/Asus/.pico-sdk/sdk/2.1.0/src/rp2_common/pico_platform_panic/panic.c.obj
                0x10000788                panic
 .text.hw_claim_or_assert
                0x100007b8       0x44 examples/hello_analog_microphone/CMakeFiles/hello_analog_microphone.dir/C_/Users/Asus/.pico-sdk/sdk/2.1.0/src/common/hardware_claim/claim.c.obj
                0x100007b8                hw_claim_or_assert
 .text.hw_claim_unused_from_range
                0x100007fc       0x9c examples/hello_analog_microphone/CMakeFiles/hello_analog_microphone.dir/C_/Users/Asus/.pico-sdk/sdk/2.1.0/src/common/hardware_claim/claim.c.obj
                0x100007fc                hw_claim_unused_from_range
 .text.hw_claim_clear
                0x10000898       0x38 examples/hello_analog_microphone/CMakeFiles/hello_analog_microphone.dir/C_/Users/Asus/.pico-sdk/sdk/2.1.0/src/common/hardware_claim/claim.c.obj
                0x10000898                hw_claim_clear
 .text.next_striped_spin_lock_num
                0x100008d0       0x18 examples/hello_analog_microphone/CMakeFiles/hello_analog_microphone.dir/C_/Users/Asus/.pico-sdk/sdk/2.1.0/src/rp2_common/hardware_sync/sync.c.obj
                0x100008d0                next_striped_spin_lock_num
 .text.spin_lock_claim_unused
                0x100008e8       0x24 examples/hello_analog_microphone/CMakeFiles/hello_analog_microphone.dir/C_/Users/Asus/.pico-sdk/sdk/2.1.0/src/rp2_common/hardware_sync/sync.c.obj
                0x100008e8                spin_lock_claim_unused
 .text.spin_locks_reset
                0x1000090c       0x1c examples/hello_analog_microphone/CMakeFiles/hello_analog_microphone.dir/C_/Users/Asus/.pico-sdk/sdk/2.1.0/src/rp2_common/hardware_sync_spin_lock/sync_spin_lock.c.obj
                0x1000090c                spin_locks_reset
 .text.runtime_init_per_core_irq_priorities
                0x10000928       0x24 examples/hello_analog_microphone/CMakeFiles/hello_analog_microphone.dir/C_/Users/Asus/.pico-sdk/sdk/2.1.0/src/rp2_common/hardware_irq/irq.c.obj
                0x10000928                runtime_init_per_core_irq_priorities
 .text.irq_set_enabled
                0x1000094c       0x24 examples/hello_analog_microphone/CMakeFiles/hello_analog_microphone.dir/C_/Users/Asus/.pico-sdk/sdk/2.1.0/src/rp2_common/hardware_irq/irq.c.obj
                0x1000094c                irq_set_enabled
 .text.irq_is_enabled
                0x10000970       0x18 examples/hello_analog_microphone/CMakeFiles/hello_analog_microphone.dir/C_/Users/Asus/.pico-sdk/sdk/2.1.0/src/rp2_common/hardware_irq/irq.c.obj
                0x10000970                irq_is_enabled
 .text.irq_set_pending
                0x10000988       0x10 examples/hello_analog_microphone/CMakeFiles/hello_analog_microphone.dir/C_/Users/Asus/.pico-sdk/sdk/2.1.0/src/rp2_common/hardware_irq/irq.c.obj
                0x10000988                irq_set_pending
 .text.irq_has_shared_handler
                0x10000998       0x2c examples/hello_analog_microphone/CMakeFiles/hello_analog_microphone.dir/C_/Users/Asus/.pico-sdk/sdk/2.1.0/src/rp2_common/hardware_irq/irq.c.obj
                0x10000998                irq_has_shared_handler
 .text.irq_set_exclusive_handler
                0x100009c4       0x54 examples/hello_analog_microphone/CMakeFiles/hello_analog_microphone.dir/C_/Users/Asus/.pico-sdk/sdk/2.1.0/src/rp2_common/hardware_irq/irq.c.obj
                0x100009c4                irq_set_exclusive_handler
 .text.irq_add_shared_handler
                0x10000a18      0x1f4 examples/hello_analog_microphone/CMakeFiles/hello_analog_microphone.dir/C_/Users/Asus/.pico-sdk/sdk/2.1.0/src/rp2_common/hardware_irq/irq.c.obj
                0x10000a18                irq_add_shared_handler
 .text.irq_add_tail_to_free_list
                0x10000c0c       0xb4 examples/hello_analog_microphone/CMakeFiles/hello_analog_microphone.dir/C_/Users/Asus/.pico-sdk/sdk/2.1.0/src/rp2_common/hardware_irq/irq.c.obj
                0x10000c0c                irq_add_tail_to_free_list
 .text.user_irq_claim_unused
                0x10000cc0       0x2c examples/hello_analog_microphone/CMakeFiles/hello_analog_microphone.dir/C_/Users/Asus/.pico-sdk/sdk/2.1.0/src/rp2_common/hardware_irq/irq.c.obj
                0x10000cc0                user_irq_claim_unused
 .text.lock_init
                0x10000cec       0x10 examples/hello_analog_microphone/CMakeFiles/hello_analog_microphone.dir/C_/Users/Asus/.pico-sdk/sdk/2.1.0/src/common/pico_sync/lock_core.c.obj
                0x10000cec                lock_init
 .text.runtime_init_mutex
                0x10000cfc       0x50 examples/hello_analog_microphone/CMakeFiles/hello_analog_microphone.dir/C_/Users/Asus/.pico-sdk/sdk/2.1.0/src/common/pico_sync/mutex.c.obj
                0x10000cfc                runtime_init_mutex
 .text.mutex_init
                0x10000d4c       0x1c examples/hello_analog_microphone/CMakeFiles/hello_analog_microphone.dir/C_/Users/Asus/.pico-sdk/sdk/2.1.0/src/common/pico_sync/mutex.c.obj
                0x10000d4c                mutex_init
 .text.critical_section_init
                0x10000d68       0x1c examples/hello_analog_microphone/CMakeFiles/hello_analog_microphone.dir/C_/Users/Asus/.pico-sdk/sdk/2.1.0/src/common/pico_sync/critical_section.c.obj
                0x10000d68                critical_section_init
 .text.critical_section_init_with_lock_num
                0x10000d84       0x14 examples/hello_analog_microphone/CMakeFiles/hello_analog_microphone.dir/C_/Users/Asus/.pico-sdk/sdk/2.1.0/src/common/pico_sync/critical_section.c.obj
                0x10000d84                critical_section_init_with_lock_num
 .text.sleep_until_callback
                0x10000d98       0x30 examples/hello_analog_microphone/CMakeFiles/hello_analog_microphone.dir/C_/Users/Asus/.pico-sdk/sdk/2.1.0/src/common/pico_time/time.c.obj
 .text.alarm_pool_irq_handler
                0x10000dc8      0x2fc examples/hello_analog_microphone/CMakeFiles/hello_analog_microphone.dir/C_/Users/Asus/.pico-sdk/sdk/2.1.0/src/common/pico_time/time.c.obj
 .text.runtime_init_default_alarm_pool
                0x100010c4       0xdc examples/hello_analog_microphone/CMakeFiles/hello_analog_microphone.dir/C_/Users/Asus/.pico-sdk/sdk/2.1.0/src/common/pico_time/time.c.obj
                0x100010c4                runtime_init_default_alarm_pool
 .text.alarm_pool_get_default
                0x100011a0        0x8 examples/hello_analog_microphone/CMakeFiles/hello_analog_microphone.dir/C_/Users/Asus/.pico-sdk/sdk/2.1.0/src/common/pico_time/time.c.obj
                0x100011a0                alarm_pool_get_default
 .text.alarm_pool_add_alarm_at
                0x100011a8       0xd4 examples/hello_analog_microphone/CMakeFiles/hello_analog_microphone.dir/C_/Users/Asus/.pico-sdk/sdk/2.1.0/src/common/pico_time/time.c.obj
                0x100011a8                alarm_pool_add_alarm_at
 .text.alarm_pool_add_alarm_at_force_in_context
                0x1000127c       0xb0 examples/hello_analog_microphone/CMakeFiles/hello_analog_microphone.dir/C_/Users/Asus/.pico-sdk/sdk/2.1.0/src/common/pico_time/time.c.obj
                0x1000127c                alarm_pool_add_alarm_at_force_in_context
 .text.alarm_pool_cancel_alarm
                0x1000132c       0x74 examples/hello_analog_microphone/CMakeFiles/hello_analog_microphone.dir/C_/Users/Asus/.pico-sdk/sdk/2.1.0/src/common/pico_time/time.c.obj
                0x1000132c                alarm_pool_cancel_alarm
 .text.alarm_pool_core_num
                0x100013a0        0x4 examples/hello_analog_microphone/CMakeFiles/hello_analog_microphone.dir/C_/Users/Asus/.pico-sdk/sdk/2.1.0/src/common/pico_time/time.c.obj
                0x100013a0                alarm_pool_core_num
 .text.sleep_until
                0x100013a4       0xd8 examples/hello_analog_microphone/CMakeFiles/hello_analog_microphone.dir/C_/Users/Asus/.pico-sdk/sdk/2.1.0/src/common/pico_time/time.c.obj
                0x100013a4                sleep_until
 .text.sleep_ms
                0x1000147c       0x38 examples/hello_analog_microphone/CMakeFiles/hello_analog_microphone.dir/C_/Users/Asus/.pico-sdk/sdk/2.1.0/src/common/pico_time/time.c.obj
                0x1000147c                sleep_ms
 .text.best_effort_wfe_or_timeout
                0x100014b4       0xe0 examples/hello_analog_microphone/CMakeFiles/hello_analog_microphone.dir/C_/Users/Asus/.pico-sdk/sdk/2.1.0/src/common/pico_time/time.c.obj
                0x100014b4                best_effort_wfe_or_timeout
 .text.timer_hardware_alarm_claim
                0x10001594       0x14 examples/hello_analog_microphone/CMakeFiles/hello_analog_microphone.dir/C_/Users/Asus/.pico-sdk/sdk/2.1.0/src/rp2_common/hardware_timer/timer.c.obj
                0x10001594                timer_hardware_alarm_claim
 .text.timer_time_us_64
                0x100015a8       0x10 examples/hello_analog_microphone/CMakeFiles/hello_analog_microphone.dir/C_/Users/Asus/.pico-sdk/sdk/2.1.0/src/rp2_common/hardware_timer/timer.c.obj
                0x100015a8                timer_time_us_64
 .text.time_us_64
                0x100015b8       0x14 examples/hello_analog_microphone/CMakeFiles/hello_analog_microphone.dir/C_/Users/Asus/.pico-sdk/sdk/2.1.0/src/rp2_common/hardware_timer/timer.c.obj
                0x100015b8                time_us_64
 .text.busy_wait_until
                0x100015cc       0x20 examples/hello_analog_microphone/CMakeFiles/hello_analog_microphone.dir/C_/Users/Asus/.pico-sdk/sdk/2.1.0/src/rp2_common/hardware_timer/timer.c.obj
                0x100015cc                busy_wait_until
 .text.clock_configure_int_divider
                0x100015ec       0xf4 examples/hello_analog_microphone/CMakeFiles/hello_analog_microphone.dir/C_/Users/Asus/.pico-sdk/sdk/2.1.0/src/rp2_common/hardware_clocks/clocks.c.obj
                0x100015ec                clock_configure_int_divider
 .text.clock_configure_undivided
                0x100016e0       0xe8 examples/hello_analog_microphone/CMakeFiles/hello_analog_microphone.dir/C_/Users/Asus/.pico-sdk/sdk/2.1.0/src/rp2_common/hardware_clocks/clocks.c.obj
                0x100016e0                clock_configure_undivided
 .text.clock_get_hz
                0x100017c8        0xc examples/hello_analog_microphone/CMakeFiles/hello_analog_microphone.dir/C_/Users/Asus/.pico-sdk/sdk/2.1.0/src/rp2_common/hardware_clocks/clocks.c.obj
                0x100017c8                clock_get_hz
 .text.pll_init
                0x100017d4       0xa4 examples/hello_analog_microphone/CMakeFiles/hello_analog_microphone.dir/C_/Users/Asus/.pico-sdk/sdk/2.1.0/src/rp2_common/hardware_pll/pll.c.obj
                0x100017d4                pll_init
 .text.watchdog_reboot
                0x10001878       0x9c examples/hello_analog_microphone/CMakeFiles/hello_analog_microphone.dir/C_/Users/Asus/.pico-sdk/sdk/2.1.0/src/rp2_common/hardware_watchdog/watchdog.c.obj
                0x10001878                watchdog_reboot
 .text.tick_start
                0x10001914       0x10 examples/hello_analog_microphone/CMakeFiles/hello_analog_microphone.dir/C_/Users/Asus/.pico-sdk/sdk/2.1.0/src/rp2_common/hardware_ticks/ticks.c.obj
                0x10001914                tick_start
 .text.rom_func_lookup
                0x10001924       0x10 examples/hello_analog_microphone/CMakeFiles/hello_analog_microphone.dir/C_/Users/Asus/.pico-sdk/sdk/2.1.0/src/rp2_common/pico_bootrom/bootrom.c.obj
                0x10001924                rom_func_lookup
 .text.rom_data_lookup
                0x10001934       0x10 examples/hello_analog_microphone/CMakeFiles/hello_analog_microphone.dir/C_/Users/Asus/.pico-sdk/sdk/2.1.0/src/rp2_common/pico_bootrom/bootrom.c.obj
                0x10001934                rom_data_lookup
 .text.rom_funcs_lookup
                0x10001944       0x44 examples/hello_analog_microphone/CMakeFiles/hello_analog_microphone.dir/C_/Users/Asus/.pico-sdk/sdk/2.1.0/src/rp2_common/pico_bootrom/bootrom.c.obj
                0x10001944                rom_funcs_lookup
 .text.rom_reset_usb_boot_extra
                0x10001988       0x28 examples/hello_analog_microphone/CMakeFiles/hello_analog_microphone.dir/C_/Users/Asus/.pico-sdk/sdk/2.1.0/src/rp2_common/pico_bootrom/bootrom.c.obj
                0x10001988                rom_reset_usb_boot_extra
 .text.xosc_init
                0x100019b0       0x28 examples/hello_analog_microphone/CMakeFiles/hello_analog_microphone.dir/C_/Users/Asus/.pico-sdk/sdk/2.1.0/src/rp2_common/hardware_xosc/xosc.c.obj
                0x100019b0                xosc_init
 .text.first_per_core_initializer
                0x100019d8        0x4 examples/hello_analog_microphone/CMakeFiles/hello_analog_microphone.dir/C_/Users/Asus/.pico-sdk/sdk/2.1.0/src/rp2_common/pico_runtime/runtime.c.obj
 .text.hard_assertion_failure
                0x100019dc        0xc examples/hello_analog_microphone/CMakeFiles/hello_analog_microphone.dir/C_/Users/Asus/.pico-sdk/sdk/2.1.0/src/rp2_common/pico_runtime/runtime.c.obj
                0x100019dc                hard_assertion_failure
 .text.runtime_run_initializers
                0x100019e8       0x28 examples/hello_analog_microphone/CMakeFiles/hello_analog_microphone.dir/C_/Users/Asus/.pico-sdk/sdk/2.1.0/src/rp2_common/pico_runtime/runtime.c.obj
                0x100019e8                runtime_run_initializers
 .text.runtime_init_early_resets
                0x10001a10       0x2c examples/hello_analog_microphone/CMakeFiles/hello_analog_microphone.dir/C_/Users/Asus/.pico-sdk/sdk/2.1.0/src/rp2_common/pico_runtime_init/runtime_init.c.obj
                0x10001a10                runtime_init_early_resets
 .text.runtime_init_usb_power_down
                0x10001a3c       0x1c examples/hello_analog_microphone/CMakeFiles/hello_analog_microphone.dir/C_/Users/Asus/.pico-sdk/sdk/2.1.0/src/rp2_common/pico_runtime_init/runtime_init.c.obj
                0x10001a3c                runtime_init_usb_power_down
 .text.runtime_init_post_clock_resets
                0x10001a58       0x20 examples/hello_analog_microphone/CMakeFiles/hello_analog_microphone.dir/C_/Users/Asus/.pico-sdk/sdk/2.1.0/src/rp2_common/pico_runtime_init/runtime_init.c.obj
                0x10001a58                runtime_init_post_clock_resets
 .text.runtime_init_rp2040_gpio_ie_disable
                0x10001a78       0x14 examples/hello_analog_microphone/CMakeFiles/hello_analog_microphone.dir/C_/Users/Asus/.pico-sdk/sdk/2.1.0/src/rp2_common/pico_runtime_init/runtime_init.c.obj
                0x10001a78                runtime_init_rp2040_gpio_ie_disable
 .text.runtime_init_spin_locks_reset
                0x10001a8c        0x8 examples/hello_analog_microphone/CMakeFiles/hello_analog_microphone.dir/C_/Users/Asus/.pico-sdk/sdk/2.1.0/src/rp2_common/pico_runtime_init/runtime_init.c.obj
                0x10001a8c                runtime_init_spin_locks_reset
 .text.runtime_init_install_ram_vector_table
                0x10001a94       0x1c examples/hello_analog_microphone/CMakeFiles/hello_analog_microphone.dir/C_/Users/Asus/.pico-sdk/sdk/2.1.0/src/rp2_common/pico_runtime_init/runtime_init.c.obj
                0x10001a94                runtime_init_install_ram_vector_table
 .text.runtime_init_clocks
                0x10001ab0       0xd8 examples/hello_analog_microphone/CMakeFiles/hello_analog_microphone.dir/C_/Users/Asus/.pico-sdk/sdk/2.1.0/src/rp2_common/pico_runtime_init/runtime_init_clocks.c.obj
                0x10001ab0                runtime_init_clocks
 .text          0x10001b88       0x10 examples/hello_analog_microphone/CMakeFiles/hello_analog_microphone.dir/C_/Users/Asus/.pico-sdk/sdk/2.1.0/src/rp2_common/pico_bit_ops/bit_ops_aeabi.S.obj
 .text.__wrap___aeabi_idiv
                0x10001b98       0x50 examples/hello_analog_microphone/CMakeFiles/hello_analog_microphone.dir/C_/Users/Asus/.pico-sdk/sdk/2.1.0/src/rp2_common/pico_divider/divider_hardware.S.obj
                0x10001b98                __wrap___aeabi_idivmod
                0x10001b98                divmod_s32s32
                0x10001b98                div_s32s32
                0x10001b98                __wrap___aeabi_idiv
                0x10001ba0                divmod_s32s32_unsafe
                0x10001bcc                divmod_s32s32_savestate
 .text.__wrap___aeabi_uidiv
                0x10001be8       0x4c examples/hello_analog_microphone/CMakeFiles/hello_analog_microphone.dir/C_/Users/Asus/.pico-sdk/sdk/2.1.0/src/rp2_common/pico_divider/divider_hardware.S.obj
                0x10001be8                __wrap___aeabi_uidiv
                0x10001be8                __wrap___aeabi_uidivmod
                0x10001be8                div_u32u32
                0x10001be8                divmod_u32u32
                0x10001bf0                divmod_u32u32_unsafe
                0x10001c18                divmod_u32u32_savestate
 .text.__wrap___aeabi_ldiv
                0x10001c34      0x424 examples/hello_analog_microphone/CMakeFiles/hello_analog_microphone.dir/C_/Users/Asus/.pico-sdk/sdk/2.1.0/src/rp2_common/pico_divider/divider_hardware.S.obj
                0x10001c34                div_s64s64
                0x10001c34                divmod_s64s64
                0x10001c34                __wrap___aeabi_ldivmod
                0x10001c64                divmod_u64u64
                0x10001c64                div_u64u64
                0x10001c64                __wrap___aeabi_uldivmod
                0x10001c74                divmod_u64u64_savestate
                0x10001c94                divmod_s64s64_unsafe
                0x10001d1c                divmod_u64u64_unsafe
 .text.__wrap___aeabi_darithmetic
                0x10002058       0x80 examples/hello_analog_microphone/CMakeFiles/hello_analog_microphone.dir/C_/Users/Asus/.pico-sdk/sdk/2.1.0/src/rp2_common/pico_double/double_aeabi_rp2040.S.obj
                0x10002058                __wrap___aeabi_drsub
                0x1000205e                __wrap___aeabi_dsub
                0x10002070                __wrap___aeabi_dadd
                0x10002082                __wrap___aeabi_ddiv
                0x100020be                __wrap___aeabi_dmul
 .text.__wrap___aeabi_cdcmple
                0x100020d8       0x6c examples/hello_analog_microphone/CMakeFiles/hello_analog_microphone.dir/C_/Users/Asus/.pico-sdk/sdk/2.1.0/src/rp2_common/pico_double/double_aeabi_rp2040.S.obj
                0x100020d8                __wrap___aeabi_cdrcmple
                0x100020e8                __wrap___aeabi_cdcmpeq
                0x100020e8                __wrap___aeabi_cdcmple
 .text.__wrap___aeabi_dcmplt
                0x10002144        0xc examples/hello_analog_microphone/CMakeFiles/hello_analog_microphone.dir/C_/Users/Asus/.pico-sdk/sdk/2.1.0/src/rp2_common/pico_double/double_aeabi_rp2040.S.obj
                0x10002144                __wrap___aeabi_dcmplt
 .text.__wrap___aeabi_dcmpge
                0x10002150       0x10 examples/hello_analog_microphone/CMakeFiles/hello_analog_microphone.dir/C_/Users/Asus/.pico-sdk/sdk/2.1.0/src/rp2_common/pico_double/double_aeabi_rp2040.S.obj
                0x10002150                __wrap___aeabi_dcmpge
 .text.__wrap___aeabi_dcmpgt
                0x10002160        0xa examples/hello_analog_microphone/CMakeFiles/hello_analog_microphone.dir/C_/Users/Asus/.pico-sdk/sdk/2.1.0/src/rp2_common/pico_double/double_aeabi_rp2040.S.obj
                0x10002160                __wrap___aeabi_dcmpgt
 .text.__wrap___aeabi_dcmpun
                0x1000216a       0x18 examples/hello_analog_microphone/CMakeFiles/hello_analog_microphone.dir/C_/Users/Asus/.pico-sdk/sdk/2.1.0/src/rp2_common/pico_double/double_aeabi_rp2040.S.obj
                0x1000216a                __wrap___aeabi_dcmpun
 *fill*         0x10002182        0x2 
 .text.__wrap___aeabi_i2d
                0x10002184       0x38 examples/hello_analog_microphone/CMakeFiles/hello_analog_microphone.dir/C_/Users/Asus/.pico-sdk/sdk/2.1.0/src/rp2_common/pico_double/double_aeabi_rp2040.S.obj
                0x10002184                __wrap___aeabi_ui2d
                0x1000218c                __wrap___aeabi_i2d
 .text.__wrap___aeabi_d2iz
                0x100021bc       0x48 examples/hello_analog_microphone/CMakeFiles/hello_analog_microphone.dir/C_/Users/Asus/.pico-sdk/sdk/2.1.0/src/rp2_common/pico_double/double_aeabi_rp2040.S.obj
                0x100021bc                double2int_z
                0x100021bc                __wrap___aeabi_d2iz
 .text.__wrap___aeabi_d2uiz
                0x10002204       0x18 examples/hello_analog_microphone/CMakeFiles/hello_analog_microphone.dir/C_/Users/Asus/.pico-sdk/sdk/2.1.0/src/rp2_common/pico_double/double_aeabi_rp2040.S.obj
                0x10002204                __wrap___aeabi_d2uiz
                0x10002204                double2uint
 .text.__wrap___aeabi_d2f
                0x1000221c       0x18 examples/hello_analog_microphone/CMakeFiles/hello_analog_microphone.dir/C_/Users/Asus/.pico-sdk/sdk/2.1.0/src/rp2_common/pico_double/double_aeabi_rp2040.S.obj
                0x1000221c                __wrap___aeabi_d2f
 .text.__aeabi_double_init
                0x10002234       0xa4 examples/hello_analog_microphone/CMakeFiles/hello_analog_microphone.dir/C_/Users/Asus/.pico-sdk/sdk/2.1.0/src/rp2_common/pico_double/double_init_rom_rp2040.c.obj
                0x10002234                __aeabi_double_init
 .text.double_table_shim_on_use_helper
                0x100022d8       0x2c examples/hello_analog_microphone/CMakeFiles/hello_analog_microphone.dir/C_/Users/Asus/.pico-sdk/sdk/2.1.0/src/rp2_common/pico_double/double_v1_rom_shim_rp2040.S.obj
                0x100022d8                double_table_shim_on_use_helper
 .text.__wrap___aeabi_dsub
                0x10002304       0x10 examples/hello_analog_microphone/CMakeFiles/hello_analog_microphone.dir/C_/Users/Asus/.pico-sdk/sdk/2.1.0/src/rp2_common/pico_double/double_v1_rom_shim_rp2040.S.obj
                0x10002304                drsub_shim
                0x1000230a                dsub_shim
 .text.dadd_shim
                0x10002314      0x15c examples/hello_analog_microphone/CMakeFiles/hello_analog_microphone.dir/C_/Users/Asus/.pico-sdk/sdk/2.1.0/src/rp2_common/pico_double/double_v1_rom_shim_rp2040.S.obj
                0x10002314                dadd_shim
 .text.dmul_shim
                0x10002470      0x15c examples/hello_analog_microphone/CMakeFiles/hello_analog_microphone.dir/C_/Users/Asus/.pico-sdk/sdk/2.1.0/src/rp2_common/pico_double/double_v1_rom_shim_rp2040.S.obj
                0x10002470                dmul_shim
 .text.ddiv_shim
                0x100025cc      0x1b0 examples/hello_analog_microphone/CMakeFiles/hello_analog_microphone.dir/C_/Users/Asus/.pico-sdk/sdk/2.1.0/src/rp2_common/pico_double/double_v1_rom_shim_rp2040.S.obj
                0x100025cc                ddiv_shim
 .text.double2uint_shim
                0x1000277c        0xe examples/hello_analog_microphone/CMakeFiles/hello_analog_microphone.dir/C_/Users/Asus/.pico-sdk/sdk/2.1.0/src/rp2_common/pico_double/double_v1_rom_shim_rp2040.S.obj
                0x1000277c                double2uint_shim
                0x1000277e                double2ufix_shim
 *fill*         0x1000278a        0x2 
 .text.double2uint64_shim
                0x1000278c       0x70 examples/hello_analog_microphone/CMakeFiles/hello_analog_microphone.dir/C_/Users/Asus/.pico-sdk/sdk/2.1.0/src/rp2_common/pico_double/double_v1_rom_shim_rp2040.S.obj
                0x1000278c                double2uint64_shim
                0x1000278e                double2ufix64_shim
                0x100027ae                d2fix_a
 .text.double2float_shim
                0x100027fc       0x5c examples/hello_analog_microphone/CMakeFiles/hello_analog_microphone.dir/C_/Users/Asus/.pico-sdk/sdk/2.1.0/src/rp2_common/pico_double/double_v1_rom_shim_rp2040.S.obj
                0x100027fc                double2float_shim
 .text.dunpacks
                0x10002858       0x3c examples/hello_analog_microphone/CMakeFiles/hello_analog_microphone.dir/C_/Users/Asus/.pico-sdk/sdk/2.1.0/src/rp2_common/pico_double/double_v1_rom_shim_rp2040.S.obj
                0x10002858                dunpacks
 .text.__aeabi_lmul
                0x10002894       0x32 examples/hello_analog_microphone/CMakeFiles/hello_analog_microphone.dir/C_/Users/Asus/.pico-sdk/sdk/2.1.0/src/rp2_common/pico_int64_ops/pico_int64_ops_aeabi.S.obj
                0x10002894                __wrap___aeabi_lmul
 *fill*         0x100028c6        0x2 
 .text.__wrap___aeabi_farithmetic
                0x100028c8       0x48 examples/hello_analog_microphone/CMakeFiles/hello_analog_microphone.dir/C_/Users/Asus/.pico-sdk/sdk/2.1.0/src/rp2_common/pico_float/float_aeabi_rp2040.S.obj
                0x100028c8                __wrap___aeabi_frsub
                0x100028ce                __wrap___aeabi_fsub
                0x100028d4                __wrap___aeabi_fadd
                0x100028da                __wrap___aeabi_fdiv
                0x10002902                __wrap___aeabi_fmul
 .text.__wrap___aeabi_f2uiz
                0x10002910        0xc examples/hello_analog_microphone/CMakeFiles/hello_analog_microphone.dir/C_/Users/Asus/.pico-sdk/sdk/2.1.0/src/rp2_common/pico_float/float_aeabi_rp2040.S.obj
                0x10002910                __wrap___aeabi_f2uiz
                0x10002910                float2uint_z
 .text.__wrap___aeabi_f2d
                0x1000291c       0x14 examples/hello_analog_microphone/CMakeFiles/hello_analog_microphone.dir/C_/Users/Asus/.pico-sdk/sdk/2.1.0/src/rp2_common/pico_float/float_aeabi_rp2040.S.obj
                0x1000291c                __wrap___aeabi_f2d
 .text.__aeabi_float_init
                0x10002930       0x64 examples/hello_analog_microphone/CMakeFiles/hello_analog_microphone.dir/C_/Users/Asus/.pico-sdk/sdk/2.1.0/src/rp2_common/pico_float/float_init_rom_rp2040.c.obj
                0x10002930                __aeabi_float_init
 .text.float_table_shim_on_use_helper
                0x10002994       0x2c examples/hello_analog_microphone/CMakeFiles/hello_analog_microphone.dir/C_/Users/Asus/.pico-sdk/sdk/2.1.0/src/rp2_common/pico_float/float_v1_rom_shim_rp2040.S.obj
                0x10002994                float_table_shim_on_use_helper
 .text.float2double_shim
                0x100029c0       0x30 examples/hello_analog_microphone/CMakeFiles/hello_analog_microphone.dir/C_/Users/Asus/.pico-sdk/sdk/2.1.0/src/rp2_common/pico_float/float_v1_rom_shim_rp2040.S.obj
                0x100029c0                float2double_shim
 .text.__wrap_malloc
                0x100029f0       0x24 examples/hello_analog_microphone/CMakeFiles/hello_analog_microphone.dir/C_/Users/Asus/.pico-sdk/sdk/2.1.0/src/rp2_common/pico_malloc/malloc.c.obj
                0x100029f0                __wrap_malloc
 .text.__wrap_free
                0x10002a14        0x8 examples/hello_analog_microphone/CMakeFiles/hello_analog_microphone.dir/C_/Users/Asus/.pico-sdk/sdk/2.1.0/src/rp2_common/pico_malloc/malloc.c.obj
                0x10002a14                __wrap_free
 .text          0x10002a1c       0x10 examples/hello_analog_microphone/CMakeFiles/hello_analog_microphone.dir/C_/Users/Asus/.pico-sdk/sdk/2.1.0/src/rp2_common/pico_mem_ops/mem_ops_aeabi.S.obj
                0x10002a1c                __aeabi_mem_init
 .text.memset   0x10002a2c        0xc examples/hello_analog_microphone/CMakeFiles/hello_analog_microphone.dir/C_/Users/Asus/.pico-sdk/sdk/2.1.0/src/rp2_common/pico_mem_ops/mem_ops_aeabi.S.obj
                0x10002a2c                __wrap_memset
 .text.memcpy   0x10002a38        0xc examples/hello_analog_microphone/CMakeFiles/hello_analog_microphone.dir/C_/Users/Asus/.pico-sdk/sdk/2.1.0/src/rp2_common/pico_mem_ops/mem_ops_aeabi.S.obj
                0x10002a38                __wrap_memcpy
                0x10002a38                __wrap___aeabi_memcpy
 .text._out_null
                0x10002a44        0x4 examples/hello_analog_microphone/CMakeFiles/hello_analog_microphone.dir/C_/Users/Asus/.pico-sdk/sdk/2.1.0/src/rp2_common/pico_printf/printf.c.obj
 .text._out_rev
                0x10002a48       0xac examples/hello_analog_microphone/CMakeFiles/hello_analog_microphone.dir/C_/Users/Asus/.pico-sdk/sdk/2.1.0/src/rp2_common/pico_printf/printf.c.obj
 .text._ntoa_format
                0x10002af4      0x250 examples/hello_analog_microphone/CMakeFiles/hello_analog_microphone.dir/C_/Users/Asus/.pico-sdk/sdk/2.1.0/src/rp2_common/pico_printf/printf.c.obj
 .text._out_char
                0x10002d44       0x10 examples/hello_analog_microphone/CMakeFiles/hello_analog_microphone.dir/C_/Users/Asus/.pico-sdk/sdk/2.1.0/src/rp2_common/pico_printf/printf.c.obj
 .text._out_fct
                0x10002d54       0x10 examples/hello_analog_microphone/CMakeFiles/hello_analog_microphone.dir/C_/Users/Asus/.pico-sdk/sdk/2.1.0/src/rp2_common/pico_printf/printf.c.obj
 .text._etoa    0x10002d64      0x464 examples/hello_analog_microphone/CMakeFiles/hello_analog_microphone.dir/C_/Users/Asus/.pico-sdk/sdk/2.1.0/src/rp2_common/pico_printf/printf.c.obj
 .text._ftoa    0x100031c8      0x3c0 examples/hello_analog_microphone/CMakeFiles/hello_analog_microphone.dir/C_/Users/Asus/.pico-sdk/sdk/2.1.0/src/rp2_common/pico_printf/printf.c.obj
 .text._vsnprintf
                0x10003588      0xbc8 examples/hello_analog_microphone/CMakeFiles/hello_analog_microphone.dir/C_/Users/Asus/.pico-sdk/sdk/2.1.0/src/rp2_common/pico_printf/printf.c.obj
 .text.vfctprintf
                0x10004150       0x20 examples/hello_analog_microphone/CMakeFiles/hello_analog_microphone.dir/C_/Users/Asus/.pico-sdk/sdk/2.1.0/src/rp2_common/pico_printf/printf.c.obj
                0x10004150                vfctprintf
 .text.weak_raw_vprintf
                0x10004170       0x30 examples/hello_analog_microphone/CMakeFiles/hello_analog_microphone.dir/C_/Users/Asus/.pico-sdk/sdk/2.1.0/src/rp2_common/pico_printf/printf.c.obj
                0x10004170                weak_raw_vprintf
 .text._exit    0x100041a0        0x4 examples/hello_analog_microphone/CMakeFiles/hello_analog_microphone.dir/C_/Users/Asus/.pico-sdk/sdk/2.1.0/src/rp2_common/pico_clib_interface/newlib_interface.c.obj
                0x100041a0                _exit
 .text._sbrk    0x100041a4       0x34 examples/hello_analog_microphone/CMakeFiles/hello_analog_microphone.dir/C_/Users/Asus/.pico-sdk/sdk/2.1.0/src/rp2_common/pico_clib_interface/newlib_interface.c.obj
                0x100041a4                _sbrk
 .text.exit     0x100041d8        0x8 examples/hello_analog_microphone/CMakeFiles/hello_analog_microphone.dir/C_/Users/Asus/.pico-sdk/sdk/2.1.0/src/rp2_common/pico_clib_interface/newlib_interface.c.obj
                0x100041d8                exit
 .text.runtime_init
                0x100041e0       0x2c examples/hello_analog_microphone/CMakeFiles/hello_analog_microphone.dir/C_/Users/Asus/.pico-sdk/sdk/2.1.0/src/rp2_common/pico_clib_interface/newlib_interface.c.obj
                0x100041e0                runtime_init
 .text.stdio_out_chars_no_crlf
                0x1000420c       0x10 examples/hello_analog_microphone/CMakeFiles/hello_analog_microphone.dir/C_/Users/Asus/.pico-sdk/sdk/2.1.0/src/rp2_common/pico_stdio/stdio.c.obj
 .text.stdio_out_chars_crlf
                0x1000421c       0x94 examples/hello_analog_microphone/CMakeFiles/hello_analog_microphone.dir/C_/Users/Asus/.pico-sdk/sdk/2.1.0/src/rp2_common/pico_stdio/stdio.c.obj
 .text.stdio_buffered_printer
                0x100042b0       0x64 examples/hello_analog_microphone/CMakeFiles/hello_analog_microphone.dir/C_/Users/Asus/.pico-sdk/sdk/2.1.0/src/rp2_common/pico_stdio/stdio.c.obj
 .text.stdio_put_string
                0x10004314      0x100 examples/hello_analog_microphone/CMakeFiles/hello_analog_microphone.dir/C_/Users/Asus/.pico-sdk/sdk/2.1.0/src/rp2_common/pico_stdio/stdio.c.obj
                0x10004314                stdio_put_string
 .text.stdio_set_driver_enabled
                0x10004414       0x30 examples/hello_analog_microphone/CMakeFiles/hello_analog_microphone.dir/C_/Users/Asus/.pico-sdk/sdk/2.1.0/src/rp2_common/pico_stdio/stdio.c.obj
                0x10004414                stdio_set_driver_enabled
 .text.stdio_init_all
                0x10004444        0x8 examples/hello_analog_microphone/CMakeFiles/hello_analog_microphone.dir/C_/Users/Asus/.pico-sdk/sdk/2.1.0/src/rp2_common/pico_stdio/stdio.c.obj
                0x10004444                stdio_init_all
 .text.__wrap_putchar
                0x1000444c       0x98 examples/hello_analog_microphone/CMakeFiles/hello_analog_microphone.dir/C_/Users/Asus/.pico-sdk/sdk/2.1.0/src/rp2_common/pico_stdio/stdio.c.obj
                0x1000444c                __wrap_putchar
                0x1000444c                stdio_putchar
 .text.__wrap_puts
                0x100044e4       0x3c examples/hello_analog_microphone/CMakeFiles/hello_analog_microphone.dir/C_/Users/Asus/.pico-sdk/sdk/2.1.0/src/rp2_common/pico_stdio/stdio.c.obj
                0x100044e4                stdio_puts
                0x100044e4                __wrap_puts
 .text.__wrap_vprintf
                0x10004520       0xd4 examples/hello_analog_microphone/CMakeFiles/hello_analog_microphone.dir/C_/Users/Asus/.pico-sdk/sdk/2.1.0/src/rp2_common/pico_stdio/stdio.c.obj
                0x10004520                stdio_vprintf
                0x10004520                __wrap_vprintf
 .text.__wrap_printf
                0x100045f4       0x18 examples/hello_analog_microphone/CMakeFiles/hello_analog_microphone.dir/C_/Users/Asus/.pico-sdk/sdk/2.1.0/src/rp2_common/pico_stdio/stdio.c.obj
                0x100045f4                __wrap_printf
                0x100045f4                stdio_printf
 .text.resetd_init
                0x1000460c        0x4 examples/hello_analog_microphone/CMakeFiles/hello_analog_microphone.dir/C_/Users/Asus/.pico-sdk/sdk/2.1.0/src/rp2_common/pico_stdio_usb/reset_interface.c.obj
 .text.resetd_reset
                0x10004610        0xc examples/hello_analog_microphone/CMakeFiles/hello_analog_microphone.dir/C_/Users/Asus/.pico-sdk/sdk/2.1.0/src/rp2_common/pico_stdio_usb/reset_interface.c.obj
 .text.resetd_open
                0x1000461c       0x28 examples/hello_analog_microphone/CMakeFiles/hello_analog_microphone.dir/C_/Users/Asus/.pico-sdk/sdk/2.1.0/src/rp2_common/pico_stdio_usb/reset_interface.c.obj
 .text.resetd_xfer_cb
                0x10004644        0x4 examples/hello_analog_microphone/CMakeFiles/hello_analog_microphone.dir/C_/Users/Asus/.pico-sdk/sdk/2.1.0/src/rp2_common/pico_stdio_usb/reset_interface.c.obj
 .text.resetd_control_xfer_cb
                0x10004648       0x5c examples/hello_analog_microphone/CMakeFiles/hello_analog_microphone.dir/C_/Users/Asus/.pico-sdk/sdk/2.1.0/src/rp2_common/pico_stdio_usb/reset_interface.c.obj
 .text.tud_descriptor_bos_cb
                0x100046a4        0x8 examples/hello_analog_microphone/CMakeFiles/hello_analog_microphone.dir/C_/Users/Asus/.pico-sdk/sdk/2.1.0/src/rp2_common/pico_stdio_usb/reset_interface.c.obj
                0x100046a4                tud_descriptor_bos_cb
 .text.tud_vendor_control_xfer_cb
                0x100046ac       0x34 examples/hello_analog_microphone/CMakeFiles/hello_analog_microphone.dir/C_/Users/Asus/.pico-sdk/sdk/2.1.0/src/rp2_common/pico_stdio_usb/reset_interface.c.obj
                0x100046ac                tud_vendor_control_xfer_cb
 .text.usbd_app_driver_get_cb
                0x100046e0        0xc examples/hello_analog_microphone/CMakeFiles/hello_analog_microphone.dir/C_/Users/Asus/.pico-sdk/sdk/2.1.0/src/rp2_common/pico_stdio_usb/reset_interface.c.obj
                0x100046e0                usbd_app_driver_get_cb
 .text.tud_cdc_line_coding_cb
                0x100046ec       0x2c examples/hello_analog_microphone/CMakeFiles/hello_analog_microphone.dir/C_/Users/Asus/.pico-sdk/sdk/2.1.0/src/rp2_common/pico_stdio_usb/reset_interface.c.obj
                0x100046ec                tud_cdc_line_coding_cb
 .text.stdio_usb_set_chars_available_callback
                0x10004718       0x14 examples/hello_analog_microphone/CMakeFiles/hello_analog_microphone.dir/C_/Users/Asus/.pico-sdk/sdk/2.1.0/src/rp2_common/pico_stdio_usb/stdio_usb.c.obj
                0x10004718                stdio_usb_set_chars_available_callback
 .text.usb_irq  0x1000472c       0x10 examples/hello_analog_microphone/CMakeFiles/hello_analog_microphone.dir/C_/Users/Asus/.pico-sdk/sdk/2.1.0/src/rp2_common/pico_stdio_usb/stdio_usb.c.obj
 .text.timer_task
                0x1000473c       0x64 examples/hello_analog_microphone/CMakeFiles/hello_analog_microphone.dir/C_/Users/Asus/.pico-sdk/sdk/2.1.0/src/rp2_common/pico_stdio_usb/stdio_usb.c.obj
 .text.stdio_usb_in_chars
                0x100047a0       0x90 examples/hello_analog_microphone/CMakeFiles/hello_analog_microphone.dir/C_/Users/Asus/.pico-sdk/sdk/2.1.0/src/rp2_common/pico_stdio_usb/stdio_usb.c.obj
                0x100047a0                stdio_usb_in_chars
 .text.stdio_usb_out_flush
                0x10004830       0x50 examples/hello_analog_microphone/CMakeFiles/hello_analog_microphone.dir/C_/Users/Asus/.pico-sdk/sdk/2.1.0/src/rp2_common/pico_stdio_usb/stdio_usb.c.obj
 .text.stdio_usb_out_chars
                0x10004880      0x104 examples/hello_analog_microphone/CMakeFiles/hello_analog_microphone.dir/C_/Users/Asus/.pico-sdk/sdk/2.1.0/src/rp2_common/pico_stdio_usb/stdio_usb.c.obj
 .text.low_priority_worker_irq
                0x10004984       0xcc examples/hello_analog_microphone/CMakeFiles/hello_analog_microphone.dir/C_/Users/Asus/.pico-sdk/sdk/2.1.0/src/rp2_common/pico_stdio_usb/stdio_usb.c.obj
 .text.stdio_usb_init
                0x10004a50       0xe8 examples/hello_analog_microphone/CMakeFiles/hello_analog_microphone.dir/C_/Users/Asus/.pico-sdk/sdk/2.1.0/src/rp2_common/pico_stdio_usb/stdio_usb.c.obj
                0x10004a50                stdio_usb_init
 .text.tud_descriptor_device_cb
                0x10004b38        0x8 examples/hello_analog_microphone/CMakeFiles/hello_analog_microphone.dir/C_/Users/Asus/.pico-sdk/sdk/2.1.0/src/rp2_common/pico_stdio_usb/stdio_usb_descriptors.c.obj
                0x10004b38                tud_descriptor_device_cb
 .text.tud_descriptor_configuration_cb
                0x10004b40        0x8 examples/hello_analog_microphone/CMakeFiles/hello_analog_microphone.dir/C_/Users/Asus/.pico-sdk/sdk/2.1.0/src/rp2_common/pico_stdio_usb/stdio_usb_descriptors.c.obj
                0x10004b40                tud_descriptor_configuration_cb
 .text.tud_descriptor_string_cb
                0x10004b48       0x78 examples/hello_analog_microphone/CMakeFiles/hello_analog_microphone.dir/C_/Users/Asus/.pico-sdk/sdk/2.1.0/src/rp2_common/pico_stdio_usb/stdio_usb_descriptors.c.obj
                0x10004b48                tud_descriptor_string_cb
 .text.startup._retrieve_unique_id_on_boot
                0x10004bc0       0x10 examples/hello_analog_microphone/CMakeFiles/hello_analog_microphone.dir/C_/Users/Asus/.pico-sdk/sdk/2.1.0/src/rp2_common/pico_unique_id/unique_id.c.obj
 .text.pico_get_unique_board_id_string
                0x10004bd0      0x1a8 examples/hello_analog_microphone/CMakeFiles/hello_analog_microphone.dir/C_/Users/Asus/.pico-sdk/sdk/2.1.0/src/rp2_common/pico_unique_id/unique_id.c.obj
                0x10004bd0                pico_get_unique_board_id_string
 .text.flash_get_unique_id
                0x10004d78       0x3c examples/hello_analog_microphone/CMakeFiles/hello_analog_microphone.dir/C_/Users/Asus/.pico-sdk/sdk/2.1.0/src/rp2_common/hardware_flash/flash.c.obj
                0x10004d78                flash_get_unique_id
 .text.dcd_init
                0x10004db4       0x8c examples/hello_analog_microphone/CMakeFiles/hello_analog_microphone.dir/C_/Users/Asus/.pico-sdk/sdk/2.1.0/lib/tinyusb/src/portable/raspberrypi/rp2040/dcd_rp2040.c.obj
                0x10004db4                dcd_init
 .text.dcd_int_enable
                0x10004e40        0xc examples/hello_analog_microphone/CMakeFiles/hello_analog_microphone.dir/C_/Users/Asus/.pico-sdk/sdk/2.1.0/lib/tinyusb/src/portable/raspberrypi/rp2040/dcd_rp2040.c.obj
                0x10004e40                dcd_int_enable
 .text.dcd_set_address
                0x10004e4c       0x14 examples/hello_analog_microphone/CMakeFiles/hello_analog_microphone.dir/C_/Users/Asus/.pico-sdk/sdk/2.1.0/lib/tinyusb/src/portable/raspberrypi/rp2040/dcd_rp2040.c.obj
                0x10004e4c                dcd_set_address
 .text.dcd_sof_enable
                0x10004e60       0x1c examples/hello_analog_microphone/CMakeFiles/hello_analog_microphone.dir/C_/Users/Asus/.pico-sdk/sdk/2.1.0/lib/tinyusb/src/portable/raspberrypi/rp2040/dcd_rp2040.c.obj
                0x10004e60                dcd_sof_enable
 .text.dcd_edpt0_status_complete
                0x10004e7c       0x1c examples/hello_analog_microphone/CMakeFiles/hello_analog_microphone.dir/C_/Users/Asus/.pico-sdk/sdk/2.1.0/lib/tinyusb/src/portable/raspberrypi/rp2040/dcd_rp2040.c.obj
                0x10004e7c                dcd_edpt0_status_complete
 .text.dcd_edpt_open
                0x10004e98      0x108 examples/hello_analog_microphone/CMakeFiles/hello_analog_microphone.dir/C_/Users/Asus/.pico-sdk/sdk/2.1.0/lib/tinyusb/src/portable/raspberrypi/rp2040/dcd_rp2040.c.obj
                0x10004e98                dcd_edpt_open
 .text.dcd_edpt_close_all
                0x10004fa0        0x8 examples/hello_analog_microphone/CMakeFiles/hello_analog_microphone.dir/C_/Users/Asus/.pico-sdk/sdk/2.1.0/lib/tinyusb/src/portable/raspberrypi/rp2040/dcd_rp2040.c.obj
                0x10004fa0                dcd_edpt_close_all
 .text.dcd_edpt_xfer
                0x10004fa8       0x24 examples/hello_analog_microphone/CMakeFiles/hello_analog_microphone.dir/C_/Users/Asus/.pico-sdk/sdk/2.1.0/lib/tinyusb/src/portable/raspberrypi/rp2040/dcd_rp2040.c.obj
                0x10004fa8                dcd_edpt_xfer
 .text.dcd_edpt_stall
                0x10004fcc       0x34 examples/hello_analog_microphone/CMakeFiles/hello_analog_microphone.dir/C_/Users/Asus/.pico-sdk/sdk/2.1.0/lib/tinyusb/src/portable/raspberrypi/rp2040/dcd_rp2040.c.obj
                0x10004fcc                dcd_edpt_stall
 .text.dcd_edpt_clear_stall
                0x10005000       0x30 examples/hello_analog_microphone/CMakeFiles/hello_analog_microphone.dir/C_/Users/Asus/.pico-sdk/sdk/2.1.0/lib/tinyusb/src/portable/raspberrypi/rp2040/dcd_rp2040.c.obj
                0x10005000                dcd_edpt_clear_stall
 .text.rp2040_usb_init
                0x10005030       0x40 examples/hello_analog_microphone/CMakeFiles/hello_analog_microphone.dir/C_/Users/Asus/.pico-sdk/sdk/2.1.0/lib/tinyusb/src/portable/raspberrypi/rp2040/rp2040_usb.c.obj
                0x10005030                rp2040_usb_init
 .text.hw_endpoint_xfer_start
                0x10005070       0x40 examples/hello_analog_microphone/CMakeFiles/hello_analog_microphone.dir/C_/Users/Asus/.pico-sdk/sdk/2.1.0/lib/tinyusb/src/portable/raspberrypi/rp2040/rp2040_usb.c.obj
                0x10005070                hw_endpoint_xfer_start
 .text.tud_event_hook_cb
                0x100050b0        0x4 examples/hello_analog_microphone/CMakeFiles/hello_analog_microphone.dir/C_/Users/Asus/.pico-sdk/sdk/2.1.0/lib/tinyusb/src/device/usbd.c.obj
                0x100050b0                tud_event_hook_cb
 .text.tud_sof_cb
                0x100050b4        0x4 examples/hello_analog_microphone/CMakeFiles/hello_analog_microphone.dir/C_/Users/Asus/.pico-sdk/sdk/2.1.0/lib/tinyusb/src/device/usbd.c.obj
                0x100050b4                tud_sof_cb
 .text.tud_descriptor_device_qualifier_cb
                0x100050b8        0x4 examples/hello_analog_microphone/CMakeFiles/hello_analog_microphone.dir/C_/Users/Asus/.pico-sdk/sdk/2.1.0/lib/tinyusb/src/device/usbd.c.obj
                0x100050b8                tud_descriptor_device_qualifier_cb
 .text.tud_descriptor_other_speed_configuration_cb
                0x100050bc        0x4 examples/hello_analog_microphone/CMakeFiles/hello_analog_microphone.dir/C_/Users/Asus/.pico-sdk/sdk/2.1.0/lib/tinyusb/src/device/usbd.c.obj
                0x100050bc                tud_descriptor_other_speed_configuration_cb
 .text.tud_mount_cb
                0x100050c0        0x4 examples/hello_analog_microphone/CMakeFiles/hello_analog_microphone.dir/C_/Users/Asus/.pico-sdk/sdk/2.1.0/lib/tinyusb/src/device/usbd.c.obj
                0x100050c0                tud_mount_cb
 .text.tud_umount_cb
                0x100050c4        0x4 examples/hello_analog_microphone/CMakeFiles/hello_analog_microphone.dir/C_/Users/Asus/.pico-sdk/sdk/2.1.0/lib/tinyusb/src/device/usbd.c.obj
                0x100050c4                tud_umount_cb
 .text.tud_suspend_cb
                0x100050c8        0x4 examples/hello_analog_microphone/CMakeFiles/hello_analog_microphone.dir/C_/Users/Asus/.pico-sdk/sdk/2.1.0/lib/tinyusb/src/device/usbd.c.obj
                0x100050c8                tud_suspend_cb
 .text.tud_resume_cb
                0x100050cc        0x4 examples/hello_analog_microphone/CMakeFiles/hello_analog_microphone.dir/C_/Users/Asus/.pico-sdk/sdk/2.1.0/lib/tinyusb/src/device/usbd.c.obj
                0x100050cc                tud_resume_cb
 .text.tud_mounted
                0x100050d0       0x10 examples/hello_analog_microphone/CMakeFiles/hello_analog_microphone.dir/C_/Users/Asus/.pico-sdk/sdk/2.1.0/lib/tinyusb/src/device/usbd.c.obj
                0x100050d0                tud_mounted
 .text.tud_suspended
                0x100050e0       0x10 examples/hello_analog_microphone/CMakeFiles/hello_analog_microphone.dir/C_/Users/Asus/.pico-sdk/sdk/2.1.0/lib/tinyusb/src/device/usbd.c.obj
                0x100050e0                tud_suspended
 .text.tud_init
                0x100050f0       0xe4 examples/hello_analog_microphone/CMakeFiles/hello_analog_microphone.dir/C_/Users/Asus/.pico-sdk/sdk/2.1.0/lib/tinyusb/src/device/usbd.c.obj
                0x100050f0                tud_init
 .text.tud_task_ext
                0x100051d4      0x800 examples/hello_analog_microphone/CMakeFiles/hello_analog_microphone.dir/C_/Users/Asus/.pico-sdk/sdk/2.1.0/lib/tinyusb/src/device/usbd.c.obj
                0x100051d4                tud_task_ext
 .text.usbd_open_edpt_pair
                0x100059d4       0x9c examples/hello_analog_microphone/CMakeFiles/hello_analog_microphone.dir/C_/Users/Asus/.pico-sdk/sdk/2.1.0/lib/tinyusb/src/device/usbd.c.obj
                0x100059d4                usbd_open_edpt_pair
 .text.usbd_edpt_open
                0x10005a70       0x34 examples/hello_analog_microphone/CMakeFiles/hello_analog_microphone.dir/C_/Users/Asus/.pico-sdk/sdk/2.1.0/lib/tinyusb/src/device/usbd.c.obj
                0x10005a70                usbd_edpt_open
 .text.usbd_edpt_claim
                0x10005aa4       0x28 examples/hello_analog_microphone/CMakeFiles/hello_analog_microphone.dir/C_/Users/Asus/.pico-sdk/sdk/2.1.0/lib/tinyusb/src/device/usbd.c.obj
                0x10005aa4                usbd_edpt_claim
 .text.usbd_edpt_release
                0x10005acc       0x28 examples/hello_analog_microphone/CMakeFiles/hello_analog_microphone.dir/C_/Users/Asus/.pico-sdk/sdk/2.1.0/lib/tinyusb/src/device/usbd.c.obj
                0x10005acc                usbd_edpt_release
 .text.usbd_edpt_xfer
                0x10005af4       0x4c examples/hello_analog_microphone/CMakeFiles/hello_analog_microphone.dir/C_/Users/Asus/.pico-sdk/sdk/2.1.0/lib/tinyusb/src/device/usbd.c.obj
                0x10005af4                usbd_edpt_xfer
 .text.tud_control_status
                0x10005b40       0x2c examples/hello_analog_microphone/CMakeFiles/hello_analog_microphone.dir/C_/Users/Asus/.pico-sdk/sdk/2.1.0/lib/tinyusb/src/device/usbd_control.c.obj
                0x10005b40                tud_control_status
 .text.tud_control_xfer
                0x10005b6c       0xac examples/hello_analog_microphone/CMakeFiles/hello_analog_microphone.dir/C_/Users/Asus/.pico-sdk/sdk/2.1.0/lib/tinyusb/src/device/usbd_control.c.obj
                0x10005b6c                tud_control_xfer
 .text.usbd_control_reset
                0x10005c18       0x14 examples/hello_analog_microphone/CMakeFiles/hello_analog_microphone.dir/C_/Users/Asus/.pico-sdk/sdk/2.1.0/lib/tinyusb/src/device/usbd_control.c.obj
                0x10005c18                usbd_control_reset
 .text.usbd_control_set_complete_callback
                0x10005c2c        0xc examples/hello_analog_microphone/CMakeFiles/hello_analog_microphone.dir/C_/Users/Asus/.pico-sdk/sdk/2.1.0/lib/tinyusb/src/device/usbd_control.c.obj
                0x10005c2c                usbd_control_set_complete_callback
 .text.usbd_control_set_request
                0x10005c38       0x1c examples/hello_analog_microphone/CMakeFiles/hello_analog_microphone.dir/C_/Users/Asus/.pico-sdk/sdk/2.1.0/lib/tinyusb/src/device/usbd_control.c.obj
                0x10005c38                usbd_control_set_request
 .text.usbd_control_xfer_cb
                0x10005c54       0xec examples/hello_analog_microphone/CMakeFiles/hello_analog_microphone.dir/C_/Users/Asus/.pico-sdk/sdk/2.1.0/lib/tinyusb/src/device/usbd_control.c.obj
                0x10005c54                usbd_control_xfer_cb
 .text._prep_out_transaction.isra.0
                0x10005d40       0x5c examples/hello_analog_microphone/CMakeFiles/hello_analog_microphone.dir/C_/Users/Asus/.pico-sdk/sdk/2.1.0/lib/tinyusb/src/class/cdc/cdc_device.c.obj
 .text.tud_cdc_n_connected
                0x10005d9c       0x30 examples/hello_analog_microphone/CMakeFiles/hello_analog_microphone.dir/C_/Users/Asus/.pico-sdk/sdk/2.1.0/lib/tinyusb/src/class/cdc/cdc_device.c.obj
                0x10005d9c                tud_cdc_n_connected
 .text.tud_cdc_n_available
                0x10005dcc       0x18 examples/hello_analog_microphone/CMakeFiles/hello_analog_microphone.dir/C_/Users/Asus/.pico-sdk/sdk/2.1.0/lib/tinyusb/src/class/cdc/cdc_device.c.obj
                0x10005dcc                tud_cdc_n_available
 .text.tud_cdc_n_read
                0x10005de4       0x98 examples/hello_analog_microphone/CMakeFiles/hello_analog_microphone.dir/C_/Users/Asus/.pico-sdk/sdk/2.1.0/lib/tinyusb/src/class/cdc/cdc_device.c.obj
                0x10005de4                tud_cdc_n_read
 .text.tud_cdc_n_write_flush
                0x10005e7c       0x78 examples/hello_analog_microphone/CMakeFiles/hello_analog_microphone.dir/C_/Users/Asus/.pico-sdk/sdk/2.1.0/lib/tinyusb/src/class/cdc/cdc_device.c.obj
                0x10005e7c                tud_cdc_n_write_flush
 .text.tud_cdc_n_write
                0x10005ef4       0x40 examples/hello_analog_microphone/CMakeFiles/hello_analog_microphone.dir/C_/Users/Asus/.pico-sdk/sdk/2.1.0/lib/tinyusb/src/class/cdc/cdc_device.c.obj
                0x10005ef4                tud_cdc_n_write
 .text.tud_cdc_n_write_available
                0x10005f34       0x18 examples/hello_analog_microphone/CMakeFiles/hello_analog_microphone.dir/C_/Users/Asus/.pico-sdk/sdk/2.1.0/lib/tinyusb/src/class/cdc/cdc_device.c.obj
                0x10005f34                tud_cdc_n_write_available
 .text.cdcd_init
                0x10005f4c       0x7c examples/hello_analog_microphone/CMakeFiles/hello_analog_microphone.dir/C_/Users/Asus/.pico-sdk/sdk/2.1.0/lib/tinyusb/src/class/cdc/cdc_device.c.obj
                0x10005f4c                cdcd_init
 .text.cdcd_deinit
                0x10005fc8       0x34 examples/hello_analog_microphone/CMakeFiles/hello_analog_microphone.dir/C_/Users/Asus/.pico-sdk/sdk/2.1.0/lib/tinyusb/src/class/cdc/cdc_device.c.obj
                0x10005fc8                cdcd_deinit
 .text.cdcd_reset
                0x10005ffc       0x4c examples/hello_analog_microphone/CMakeFiles/hello_analog_microphone.dir/C_/Users/Asus/.pico-sdk/sdk/2.1.0/lib/tinyusb/src/class/cdc/cdc_device.c.obj
                0x10005ffc                cdcd_reset
 .text.cdcd_open
                0x10006048       0xb0 examples/hello_analog_microphone/CMakeFiles/hello_analog_microphone.dir/C_/Users/Asus/.pico-sdk/sdk/2.1.0/lib/tinyusb/src/class/cdc/cdc_device.c.obj
                0x10006048                cdcd_open
 .text.cdcd_control_xfer_cb
                0x100060f8       0xe4 examples/hello_analog_microphone/CMakeFiles/hello_analog_microphone.dir/C_/Users/Asus/.pico-sdk/sdk/2.1.0/lib/tinyusb/src/class/cdc/cdc_device.c.obj
                0x100060f8                cdcd_control_xfer_cb
 .text.cdcd_xfer_cb
                0x100061dc      0x100 examples/hello_analog_microphone/CMakeFiles/hello_analog_microphone.dir/C_/Users/Asus/.pico-sdk/sdk/2.1.0/lib/tinyusb/src/class/cdc/cdc_device.c.obj
                0x100061dc                cdcd_xfer_cb
 .text.vendord_init
                0x100062dc       0x5c examples/hello_analog_microphone/CMakeFiles/hello_analog_microphone.dir/C_/Users/Asus/.pico-sdk/sdk/2.1.0/lib/tinyusb/src/class/vendor/vendor_device.c.obj
                0x100062dc                vendord_init
 .text.vendord_deinit
                0x10006338       0x1c examples/hello_analog_microphone/CMakeFiles/hello_analog_microphone.dir/C_/Users/Asus/.pico-sdk/sdk/2.1.0/lib/tinyusb/src/class/vendor/vendor_device.c.obj
                0x10006338                vendord_deinit
 .text.vendord_reset
                0x10006354       0x20 examples/hello_analog_microphone/CMakeFiles/hello_analog_microphone.dir/C_/Users/Asus/.pico-sdk/sdk/2.1.0/lib/tinyusb/src/class/vendor/vendor_device.c.obj
                0x10006354                vendord_reset
 .text.vendord_open
                0x10006374      0x138 examples/hello_analog_microphone/CMakeFiles/hello_analog_microphone.dir/C_/Users/Asus/.pico-sdk/sdk/2.1.0/lib/tinyusb/src/class/vendor/vendor_device.c.obj
                0x10006374                vendord_open
 .text.vendord_xfer_cb
                0x100064ac       0x9c examples/hello_analog_microphone/CMakeFiles/hello_analog_microphone.dir/C_/Users/Asus/.pico-sdk/sdk/2.1.0/lib/tinyusb/src/class/vendor/vendor_device.c.obj
                0x100064ac                vendord_xfer_cb
 .text.tusb_init
                0x10006548        0xc examples/hello_analog_microphone/CMakeFiles/hello_analog_microphone.dir/C_/Users/Asus/.pico-sdk/sdk/2.1.0/lib/tinyusb/src/tusb.c.obj
                0x10006548                tusb_init
 .text.tu_edpt_claim
                0x10006554       0x50 examples/hello_analog_microphone/CMakeFiles/hello_analog_microphone.dir/C_/Users/Asus/.pico-sdk/sdk/2.1.0/lib/tinyusb/src/tusb.c.obj
                0x10006554                tu_edpt_claim
 .text.tu_edpt_release
                0x100065a4       0x38 examples/hello_analog_microphone/CMakeFiles/hello_analog_microphone.dir/C_/Users/Asus/.pico-sdk/sdk/2.1.0/lib/tinyusb/src/tusb.c.obj
                0x100065a4                tu_edpt_release
 .text.tu_edpt_validate
                0x100065dc       0x7c examples/hello_analog_microphone/CMakeFiles/hello_analog_microphone.dir/C_/Users/Asus/.pico-sdk/sdk/2.1.0/lib/tinyusb/src/tusb.c.obj
                0x100065dc                tu_edpt_validate
 .text.tu_edpt_bind_driver
                0x10006658       0x34 examples/hello_analog_microphone/CMakeFiles/hello_analog_microphone.dir/C_/Users/Asus/.pico-sdk/sdk/2.1.0/lib/tinyusb/src/tusb.c.obj
                0x10006658                tu_edpt_bind_driver
 .text.tu_edpt_stream_init
                0x1000668c       0x6c examples/hello_analog_microphone/CMakeFiles/hello_analog_microphone.dir/C_/Users/Asus/.pico-sdk/sdk/2.1.0/lib/tinyusb/src/tusb.c.obj
                0x1000668c                tu_edpt_stream_init
 .text.tu_edpt_stream_deinit
                0x100066f8        0x4 examples/hello_analog_microphone/CMakeFiles/hello_analog_microphone.dir/C_/Users/Asus/.pico-sdk/sdk/2.1.0/lib/tinyusb/src/tusb.c.obj
                0x100066f8                tu_edpt_stream_deinit
 .text.tu_edpt_stream_write_zlp_if_needed
                0x100066fc       0x68 examples/hello_analog_microphone/CMakeFiles/hello_analog_microphone.dir/C_/Users/Asus/.pico-sdk/sdk/2.1.0/lib/tinyusb/src/tusb.c.obj
                0x100066fc                tu_edpt_stream_write_zlp_if_needed
 .text.tu_edpt_stream_write_xfer
                0x10006764       0x64 examples/hello_analog_microphone/CMakeFiles/hello_analog_microphone.dir/C_/Users/Asus/.pico-sdk/sdk/2.1.0/lib/tinyusb/src/tusb.c.obj
                0x10006764                tu_edpt_stream_write_xfer
 .text.tu_edpt_stream_read_xfer
                0x100067c8       0xdc examples/hello_analog_microphone/CMakeFiles/hello_analog_microphone.dir/C_/Users/Asus/.pico-sdk/sdk/2.1.0/lib/tinyusb/src/tusb.c.obj
                0x100067c8                tu_edpt_stream_read_xfer
 .text.tu_fifo_config
                0x100068a4       0x6c examples/hello_analog_microphone/CMakeFiles/hello_analog_microphone.dir/C_/Users/Asus/.pico-sdk/sdk/2.1.0/lib/tinyusb/src/common/tusb_fifo.c.obj
                0x100068a4                tu_fifo_config
 .text.tu_fifo_count
                0x10006910       0x2c examples/hello_analog_microphone/CMakeFiles/hello_analog_microphone.dir/C_/Users/Asus/.pico-sdk/sdk/2.1.0/lib/tinyusb/src/common/tusb_fifo.c.obj
                0x10006910                tu_fifo_count
 .text.tu_fifo_empty
                0x1000693c       0x10 examples/hello_analog_microphone/CMakeFiles/hello_analog_microphone.dir/C_/Users/Asus/.pico-sdk/sdk/2.1.0/lib/tinyusb/src/common/tusb_fifo.c.obj
                0x1000693c                tu_fifo_empty
 .text.tu_fifo_remaining
                0x1000694c       0x2c examples/hello_analog_microphone/CMakeFiles/hello_analog_microphone.dir/C_/Users/Asus/.pico-sdk/sdk/2.1.0/lib/tinyusb/src/common/tusb_fifo.c.obj
                0x1000694c                tu_fifo_remaining
 .text.tu_fifo_read
                0x10006978       0x9c examples/hello_analog_microphone/CMakeFiles/hello_analog_microphone.dir/C_/Users/Asus/.pico-sdk/sdk/2.1.0/lib/tinyusb/src/common/tusb_fifo.c.obj
                0x10006978                tu_fifo_read
 .text.tu_fifo_read_n
                0x10006a14       0xe8 examples/hello_analog_microphone/CMakeFiles/hello_analog_microphone.dir/C_/Users/Asus/.pico-sdk/sdk/2.1.0/lib/tinyusb/src/common/tusb_fifo.c.obj
                0x10006a14                tu_fifo_read_n
 .text.tu_fifo_write
                0x10006afc       0xa8 examples/hello_analog_microphone/CMakeFiles/hello_analog_microphone.dir/C_/Users/Asus/.pico-sdk/sdk/2.1.0/lib/tinyusb/src/common/tusb_fifo.c.obj
                0x10006afc                tu_fifo_write
 .text.tu_fifo_write_n
                0x10006ba4      0x178 examples/hello_analog_microphone/CMakeFiles/hello_analog_microphone.dir/C_/Users/Asus/.pico-sdk/sdk/2.1.0/lib/tinyusb/src/common/tusb_fifo.c.obj
                0x10006ba4                tu_fifo_write_n
 .text.tu_fifo_clear
                0x10006d1c       0x40 examples/hello_analog_microphone/CMakeFiles/hello_analog_microphone.dir/C_/Users/Asus/.pico-sdk/sdk/2.1.0/lib/tinyusb/src/common/tusb_fifo.c.obj
                0x10006d1c                tu_fifo_clear
 .text.tu_fifo_set_overwritable
                0x10006d5c       0x48 examples/hello_analog_microphone/CMakeFiles/hello_analog_microphone.dir/C_/Users/Asus/.pico-sdk/sdk/2.1.0/lib/tinyusb/src/common/tusb_fifo.c.obj
                0x10006d5c                tu_fifo_set_overwritable
 .text.adc_init
                0x10006da4       0x38 examples/hello_analog_microphone/CMakeFiles/hello_analog_microphone.dir/C_/Users/Asus/.pico-sdk/sdk/2.1.0/src/rp2_common/hardware_adc/adc.c.obj
                0x10006da4                adc_init
 .text.dma_channel_unclaim
                0x10006ddc       0x14 examples/hello_analog_microphone/CMakeFiles/hello_analog_microphone.dir/C_/Users/Asus/.pico-sdk/sdk/2.1.0/src/rp2_common/hardware_dma/dma.c.obj
                0x10006ddc                dma_channel_unclaim
 .text.dma_claim_unused_channel
                0x10006df0       0x24 examples/hello_analog_microphone/CMakeFiles/hello_analog_microphone.dir/C_/Users/Asus/.pico-sdk/sdk/2.1.0/src/rp2_common/hardware_dma/dma.c.obj
                0x10006df0                dma_claim_unused_channel
 .text.malloc   0x10006e14       0x14 C:/Users/Asus/.pico-sdk/toolchain/13_3_Rel1/bin/../lib/gcc/arm-none-eabi/13.3.1/thumb/v6-m/nofp\libg.a(libc_a-malloc.o)
                0x10006e14                malloc
 .text.free     0x10006e28       0x14 C:/Users/Asus/.pico-sdk/toolchain/13_3_Rel1/bin/../lib/gcc/arm-none-eabi/13.3.1/thumb/v6-m/nofp\libg.a(libc_a-malloc.o)
                0x10006e28                free
 .text._malloc_r
                0x10006e3c      0x5c4 C:/Users/Asus/.pico-sdk/toolchain/13_3_Rel1/bin/../lib/gcc/arm-none-eabi/13.3.1/thumb/v6-m/nofp\libg.a(libc_a-mallocr.o)
                0x10006e3c                _malloc_r
 .text.__malloc_lock
                0x10007400       0x10 C:/Users/Asus/.pico-sdk/toolchain/13_3_Rel1/bin/../lib/gcc/arm-none-eabi/13.3.1/thumb/v6-m/nofp\libg.a(libc_a-mlock.o)
                0x10007400                __malloc_lock
 .text.__malloc_unlock
                0x10007410       0x10 C:/Users/Asus/.pico-sdk/toolchain/13_3_Rel1/bin/../lib/gcc/arm-none-eabi/13.3.1/thumb/v6-m/nofp\libg.a(libc_a-mlock.o)
                0x10007410                __malloc_unlock
 .text._sbrk_r  0x10007420       0x24 C:/Users/Asus/.pico-sdk/toolchain/13_3_Rel1/bin/../lib/gcc/arm-none-eabi/13.3.1/thumb/v6-m/nofp\libg.a(libc_a-sbrkr.o)
                0x10007420                _sbrk_r
 .text.__errno  0x10007444        0xc C:/Users/Asus/.pico-sdk/toolchain/13_3_Rel1/bin/../lib/gcc/arm-none-eabi/13.3.1/thumb/v6-m/nofp\libg.a(libc_a-errno.o)
                0x10007444                __errno
 .text.__retarget_lock_acquire_recursive
                0x10007450        0x4 C:/Users/Asus/.pico-sdk/toolchain/13_3_Rel1/bin/../lib/gcc/arm-none-eabi/13.3.1/thumb/v6-m/nofp\libg.a(libc_a-lock.o)
                0x10007450                __retarget_lock_acquire_recursive
 .text.__retarget_lock_release_recursive
                0x10007454        0x4 C:/Users/Asus/.pico-sdk/toolchain/13_3_Rel1/bin/../lib/gcc/arm-none-eabi/13.3.1/thumb/v6-m/nofp\libg.a(libc_a-lock.o)
                0x10007454                __retarget_lock_release_recursive
 .text.sysconf  0x10007458       0x1c C:/Users/Asus/.pico-sdk/toolchain/13_3_Rel1/bin/../lib/gcc/arm-none-eabi/13.3.1/thumb/v6-m/nofp\libg.a(libc_a-sysconf.o)
                0x10007458                sysconf
 .text.strlen   0x10007474       0x5c C:/Users/Asus/.pico-sdk/toolchain/13_3_Rel1/bin/../lib/gcc/arm-none-eabi/13.3.1/thumb/v6-m/nofp\libg.a(libc_a-strlen-stub.o)
                0x10007474                strlen
 .text._malloc_trim_r
                0x100074d0       0xb4 C:/Users/Asus/.pico-sdk/toolchain/13_3_Rel1/bin/../lib/gcc/arm-none-eabi/13.3.1/thumb/v6-m/nofp\libg.a(libc_a-freer.o)
                0x100074d0                _malloc_trim_r
 .text._free_r  0x10007584      0x1d4 C:/Users/Asus/.pico-sdk/toolchain/13_3_Rel1/bin/../lib/gcc/arm-none-eabi/13.3.1/thumb/v6-m/nofp\libg.a(libc_a-freer.o)
                0x10007584                _free_r
 *(.fini)
 .fini          0x10007758        0x4 C:/Users/Asus/.pico-sdk/toolchain/13_3_Rel1/bin/../lib/gcc/arm-none-eabi/13.3.1/thumb/v6-m/nofp/crti.o
                0x10007758                _fini
 *fill*         0x1000775c        0x4 
 .fini.__stub   0x10007760       0xc0 linker stubs
 *crtbegin.o(.ctors)
 *crtbegin?.o(.ctors)
 *(EXCLUDE_FILE(*crtend.o *crtend?.o) .ctors)
 *(SORT_BY_NAME(.ctors.*))
 *(.ctors)
 *crtbegin.o(.dtors)
 *crtbegin?.o(.dtors)
 *(EXCLUDE_FILE(*crtend.o *crtend?.o) .dtors)
 *(SORT_BY_NAME(.dtors.*))
 *(.dtors)
                0x10007820                        . = ALIGN (0x4)
                0x10007820                        PROVIDE (__preinit_array_start = .)
 *(SORT_BY_NAME(.preinit_array.*))
 .preinit_array.00100
                0x10007820        0x4 examples/hello_analog_microphone/CMakeFiles/hello_analog_microphone.dir/C_/Users/Asus/.pico-sdk/sdk/2.1.0/src/rp2_common/pico_runtime_init/runtime_init.c.obj
                0x10007820                __pre_init_runtime_init_early_resets
 .preinit_array.00101
                0x10007824        0x4 examples/hello_analog_microphone/CMakeFiles/hello_analog_microphone.dir/C_/Users/Asus/.pico-sdk/sdk/2.1.0/src/rp2_common/pico_runtime_init/runtime_init.c.obj
                0x10007824                __pre_init_runtime_init_usb_power_down
 .preinit_array.00275
                0x10007828        0x4 examples/hello_analog_microphone/CMakeFiles/hello_analog_microphone.dir/C_/Users/Asus/.pico-sdk/sdk/2.1.0/src/rp2_common/pico_bit_ops/bit_ops_aeabi.S.obj
 .preinit_array.00300
                0x1000782c        0x4 examples/hello_analog_microphone/CMakeFiles/hello_analog_microphone.dir/C_/Users/Asus/.pico-sdk/sdk/2.1.0/src/rp2_common/pico_mem_ops/mem_ops_aeabi.S.obj
 .preinit_array.00350
                0x10007830        0x4 examples/hello_analog_microphone/CMakeFiles/hello_analog_microphone.dir/C_/Users/Asus/.pico-sdk/sdk/2.1.0/src/rp2_common/pico_double/double_aeabi_rp2040.S.obj
 .preinit_array.00350
                0x10007834        0x4 examples/hello_analog_microphone/CMakeFiles/hello_analog_microphone.dir/C_/Users/Asus/.pico-sdk/sdk/2.1.0/src/rp2_common/pico_float/float_aeabi_rp2040.S.obj
 .preinit_array.00500
                0x10007838        0x4 examples/hello_analog_microphone/CMakeFiles/hello_analog_microphone.dir/C_/Users/Asus/.pico-sdk/sdk/2.1.0/src/rp2_common/pico_runtime_init/runtime_init.c.obj
                0x10007838                __pre_init_runtime_init_clocks
 .preinit_array.00600
                0x1000783c        0x4 examples/hello_analog_microphone/CMakeFiles/hello_analog_microphone.dir/C_/Users/Asus/.pico-sdk/sdk/2.1.0/src/rp2_common/pico_runtime_init/runtime_init.c.obj
                0x1000783c                __pre_init_runtime_init_post_clock_resets
 .preinit_array.00700
                0x10007840        0x4 examples/hello_analog_microphone/CMakeFiles/hello_analog_microphone.dir/C_/Users/Asus/.pico-sdk/sdk/2.1.0/src/rp2_common/pico_runtime_init/runtime_init.c.obj
                0x10007840                __pre_init_runtime_init_rp2040_gpio_ie_disable
 .preinit_array.01000
                0x10007844        0x4 examples/hello_analog_microphone/CMakeFiles/hello_analog_microphone.dir/C_/Users/Asus/.pico-sdk/sdk/2.1.0/src/rp2_common/pico_runtime_init/runtime_init.c.obj
                0x10007844                __pre_init_runtime_init_spin_locks_reset
 .preinit_array.01100
                0x10007848        0x4 examples/hello_analog_microphone/CMakeFiles/hello_analog_microphone.dir/C_/Users/Asus/.pico-sdk/sdk/2.1.0/src/common/pico_sync/mutex.c.obj
                0x10007848                __pre_init_runtime_init_mutex
 .preinit_array.10080
                0x1000784c        0x4 examples/hello_analog_microphone/CMakeFiles/hello_analog_microphone.dir/C_/Users/Asus/.pico-sdk/sdk/2.1.0/src/rp2_common/pico_runtime_init/runtime_init.c.obj
                0x1000784c                __pre_init_runtime_init_install_ram_vector_table
 .preinit_array.11000
                0x10007850        0x4 examples/hello_analog_microphone/CMakeFiles/hello_analog_microphone.dir/C_/Users/Asus/.pico-sdk/sdk/2.1.0/src/common/pico_time/time.c.obj
                0x10007850                __pre_init_runtime_init_default_alarm_pool
 .preinit_array.YYYYY
                0x10007854        0x4 examples/hello_analog_microphone/CMakeFiles/hello_analog_microphone.dir/C_/Users/Asus/.pico-sdk/sdk/2.1.0/src/rp2_common/pico_runtime/runtime.c.obj
                0x10007854                __pre_init_first_per_core_initializer
 .preinit_array.ZZZZZ.01200
                0x10007858        0x4 examples/hello_analog_microphone/CMakeFiles/hello_analog_microphone.dir/C_/Users/Asus/.pico-sdk/sdk/2.1.0/src/rp2_common/hardware_irq/irq.c.obj
                0x10007858                __pre_init_runtime_init_per_core_irq_priorities
 *(.preinit_array)
                0x1000785c                        PROVIDE (__preinit_array_end = .)
                0x1000785c                        . = ALIGN (0x4)
                0x1000785c                        PROVIDE (__init_array_start = .)
 *(SORT_BY_NAME(.init_array.*))
 *(.init_array)
 .init_array    0x1000785c        0x4 C:/Users/Asus/.pico-sdk/toolchain/13_3_Rel1/bin/../lib/gcc/arm-none-eabi/13.3.1/thumb/v6-m/nofp/crtbegin.o
 .init_array    0x10007860        0x4 examples/hello_analog_microphone/CMakeFiles/hello_analog_microphone.dir/C_/Users/Asus/.pico-sdk/sdk/2.1.0/src/rp2_common/pico_unique_id/unique_id.c.obj
                0x10007864                        PROVIDE (__init_array_end = .)
                0x10007864                        . = ALIGN (0x4)
                [!provide]                        PROVIDE (__fini_array_start = .)
 *(SORT_BY_NAME(.fini_array.*))
 *(.fini_array)
                [!provide]                        PROVIDE (__fini_array_end = .)
 *(.eh_frame*)
 .eh_frame      0x10007864        0x0 C:/Users/Asus/.pico-sdk/toolchain/13_3_Rel1/bin/../lib/gcc/arm-none-eabi/13.3.1/thumb/v6-m/nofp/crtbegin.o
                0x10007864                        . = ALIGN (0x4)

.glue_7         0x10007864        0x0
 .glue_7        0x10007864        0x0 linker stubs

.glue_7t        0x10007864        0x0
 .glue_7t       0x10007864        0x0 linker stubs

.vfp11_veneer   0x10007864        0x0
 .vfp11_veneer  0x10007864        0x0 linker stubs

.v4_bx          0x10007864        0x0
 .v4_bx         0x10007864        0x0 linker stubs

.iplt           0x10007864        0x0
 .iplt          0x10007864        0x0 C:/Users/Asus/.pico-sdk/toolchain/13_3_Rel1/bin/../lib/gcc/arm-none-eabi/13.3.1/thumb/v6-m/nofp/crtbegin.o

.rodata         0x10007868      0x6cc
 *(EXCLUDE_FILE(*libm.a: *libc.a:*lib_a-mem*.o *libgcc.a:) .rodata*)
 .rodata.main.str1.4
                0x10007868      0x212 examples/hello_analog_microphone/CMakeFiles/hello_analog_microphone.dir/main.c.obj
                                 0x68 (size before relaxing)
 *fill*         0x10007a7a        0x2 
 .rodata.config
                0x10007a7c       0x10 examples/hello_analog_microphone/CMakeFiles/hello_analog_microphone.dir/main.c.obj
                0x10007a7c                config
 .rodata.panic.str1.4
                0x10007a8c       0x12 examples/hello_analog_microphone/CMakeFiles/hello_analog_microphone.dir/C_/Users/Asus/.pico-sdk/sdk/2.1.0/src/rp2_common/pico_platform_panic/panic.c.obj
 .rodata.spin_lock_claim_unused.str1.4
                0x10007a8c       0x1b examples/hello_analog_microphone/CMakeFiles/hello_analog_microphone.dir/C_/Users/Asus/.pico-sdk/sdk/2.1.0/src/rp2_common/hardware_sync/sync.c.obj
 .rodata.user_irq_claim_unused.str1.4
                0x10007a8c       0x1b examples/hello_analog_microphone/CMakeFiles/hello_analog_microphone.dir/C_/Users/Asus/.pico-sdk/sdk/2.1.0/src/rp2_common/hardware_irq/irq.c.obj
 .rodata.timer_hardware_alarm_claim.str1.4
                0x10007a8c       0x22 examples/hello_analog_microphone/CMakeFiles/hello_analog_microphone.dir/C_/Users/Asus/.pico-sdk/sdk/2.1.0/src/rp2_common/hardware_timer/timer.c.obj
 .rodata.hard_assertion_failure.str1.4
                0x10007a8c        0xc examples/hello_analog_microphone/CMakeFiles/hello_analog_microphone.dir/C_/Users/Asus/.pico-sdk/sdk/2.1.0/src/rp2_common/pico_runtime/runtime.c.obj
 .rodata.__wrap_malloc.str1.4
                0x10007a8c        0xe examples/hello_analog_microphone/CMakeFiles/hello_analog_microphone.dir/C_/Users/Asus/.pico-sdk/sdk/2.1.0/src/rp2_common/pico_malloc/malloc.c.obj
 .rodata.str1.4
                0x10007a8c       0x4c examples/hello_analog_microphone/CMakeFiles/hello_analog_microphone.dir/C_/Users/Asus/.pico-sdk/sdk/2.1.0/src/rp2_common/pico_standard_binary_info/standard_binary_info.c.obj
 .rodata.__bi_84
                0x10007a8c        0xc examples/hello_analog_microphone/CMakeFiles/hello_analog_microphone.dir/C_/Users/Asus/.pico-sdk/sdk/2.1.0/src/rp2_common/pico_standard_binary_info/standard_binary_info.c.obj
 .rodata.__bi_78
                0x10007a98        0xc examples/hello_analog_microphone/CMakeFiles/hello_analog_microphone.dir/C_/Users/Asus/.pico-sdk/sdk/2.1.0/src/rp2_common/pico_standard_binary_info/standard_binary_info.c.obj
 .rodata.__bi_54
                0x10007aa4        0xc examples/hello_analog_microphone/CMakeFiles/hello_analog_microphone.dir/C_/Users/Asus/.pico-sdk/sdk/2.1.0/src/rp2_common/pico_standard_binary_info/standard_binary_info.c.obj
 .rodata.__bi_48
                0x10007ab0        0xc examples/hello_analog_microphone/CMakeFiles/hello_analog_microphone.dir/C_/Users/Asus/.pico-sdk/sdk/2.1.0/src/rp2_common/pico_standard_binary_info/standard_binary_info.c.obj
 .rodata.__bi_42
                0x10007abc        0xc examples/hello_analog_microphone/CMakeFiles/hello_analog_microphone.dir/C_/Users/Asus/.pico-sdk/sdk/2.1.0/src/rp2_common/pico_standard_binary_info/standard_binary_info.c.obj
 .rodata.__bi_34
                0x10007ac8        0xc examples/hello_analog_microphone/CMakeFiles/hello_analog_microphone.dir/C_/Users/Asus/.pico-sdk/sdk/2.1.0/src/rp2_common/pico_standard_binary_info/standard_binary_info.c.obj
 .rodata.__bi_26
                0x10007ad4        0xc examples/hello_analog_microphone/CMakeFiles/hello_analog_microphone.dir/C_/Users/Asus/.pico-sdk/sdk/2.1.0/src/rp2_common/pico_standard_binary_info/standard_binary_info.c.obj
 .rodata._ftoa.str1.4
                0x10007ae0       0x15 examples/hello_analog_microphone/CMakeFiles/hello_analog_microphone.dir/C_/Users/Asus/.pico-sdk/sdk/2.1.0/src/rp2_common/pico_printf/printf.c.obj
 .rodata._vsnprintf
                0x10007ae0      0x19c examples/hello_analog_microphone/CMakeFiles/hello_analog_microphone.dir/C_/Users/Asus/.pico-sdk/sdk/2.1.0/src/rp2_common/pico_printf/printf.c.obj
 *fill*         0x10007c7c        0x4 
 .rodata.pow10.0
                0x10007c80       0x50 examples/hello_analog_microphone/CMakeFiles/hello_analog_microphone.dir/C_/Users/Asus/.pico-sdk/sdk/2.1.0/src/rp2_common/pico_printf/printf.c.obj
 .rodata.crlf_str.0
                0x10007cd0        0x2 examples/hello_analog_microphone/CMakeFiles/hello_analog_microphone.dir/C_/Users/Asus/.pico-sdk/sdk/2.1.0/src/rp2_common/pico_stdio/stdio.c.obj
 *fill*         0x10007cd2        0x2 
 .rodata._resetd_driver
                0x10007cd4       0x20 examples/hello_analog_microphone/CMakeFiles/hello_analog_microphone.dir/C_/Users/Asus/.pico-sdk/sdk/2.1.0/src/rp2_common/pico_stdio_usb/reset_interface.c.obj
 .rodata.desc_ms_os_20
                0x10007cf4       0xa6 examples/hello_analog_microphone/CMakeFiles/hello_analog_microphone.dir/C_/Users/Asus/.pico-sdk/sdk/2.1.0/src/rp2_common/pico_stdio_usb/reset_interface.c.obj
 *fill*         0x10007d9a        0x2 
 .rodata.desc_bos
                0x10007d9c       0x21 examples/hello_analog_microphone/CMakeFiles/hello_analog_microphone.dir/C_/Users/Asus/.pico-sdk/sdk/2.1.0/src/rp2_common/pico_stdio_usb/reset_interface.c.obj
                0x10007d9c                desc_bos
 .rodata.str1.4
                0x10007dbd       0x13 examples/hello_analog_microphone/CMakeFiles/hello_analog_microphone.dir/C_/Users/Asus/.pico-sdk/sdk/2.1.0/src/rp2_common/pico_stdio_usb/stdio_usb.c.obj
 *fill*         0x10007dbd        0x3 
 .rodata.__bi_197.0
                0x10007dc0        0xc examples/hello_analog_microphone/CMakeFiles/hello_analog_microphone.dir/C_/Users/Asus/.pico-sdk/sdk/2.1.0/src/rp2_common/pico_stdio_usb/stdio_usb.c.obj
 .rodata.str1.4
                0x10007dcc       0x2a examples/hello_analog_microphone/CMakeFiles/hello_analog_microphone.dir/C_/Users/Asus/.pico-sdk/sdk/2.1.0/src/rp2_common/pico_stdio_usb/stdio_usb_descriptors.c.obj
 .rodata.usbd_desc_str
                0x10007dcc       0x18 examples/hello_analog_microphone/CMakeFiles/hello_analog_microphone.dir/C_/Users/Asus/.pico-sdk/sdk/2.1.0/src/rp2_common/pico_stdio_usb/stdio_usb_descriptors.c.obj
 .rodata.usbd_desc_cfg
                0x10007de4       0x54 examples/hello_analog_microphone/CMakeFiles/hello_analog_microphone.dir/C_/Users/Asus/.pico-sdk/sdk/2.1.0/src/rp2_common/pico_stdio_usb/stdio_usb_descriptors.c.obj
 .rodata.usbd_desc_device
                0x10007e38       0x12 examples/hello_analog_microphone/CMakeFiles/hello_analog_microphone.dir/C_/Users/Asus/.pico-sdk/sdk/2.1.0/src/rp2_common/pico_stdio_usb/stdio_usb_descriptors.c.obj
 .rodata.str1.4
                0x10007e4a       0x14 examples/hello_analog_microphone/CMakeFiles/hello_analog_microphone.dir/C_/Users/Asus/.pico-sdk/sdk/2.1.0/lib/tinyusb/src/portable/raspberrypi/rp2040/dcd_rp2040.c.obj
 .rodata.str1.4
                0x10007e4a       0x48 examples/hello_analog_microphone/CMakeFiles/hello_analog_microphone.dir/C_/Users/Asus/.pico-sdk/sdk/2.1.0/lib/tinyusb/src/portable/raspberrypi/rp2040/rp2040_usb.c.obj
 *fill*         0x10007e4a        0x2 
 .rodata.tud_task_ext
                0x10007e4c       0x8c examples/hello_analog_microphone/CMakeFiles/hello_analog_microphone.dir/C_/Users/Asus/.pico-sdk/sdk/2.1.0/lib/tinyusb/src/device/usbd.c.obj
 .rodata        0x10007ed8       0x1c examples/hello_analog_microphone/CMakeFiles/hello_analog_microphone.dir/C_/Users/Asus/.pico-sdk/sdk/2.1.0/lib/tinyusb/src/device/usbd.c.obj
 .rodata._usbd_driver
                0x10007ef4       0x40 examples/hello_analog_microphone/CMakeFiles/hello_analog_microphone.dir/C_/Users/Asus/.pico-sdk/sdk/2.1.0/lib/tinyusb/src/device/usbd.c.obj
 .rodata.dma_claim_unused_channel.str1.4
                0x10007f34       0x1e examples/hello_analog_microphone/CMakeFiles/hello_analog_microphone.dir/C_/Users/Asus/.pico-sdk/sdk/2.1.0/src/rp2_common/hardware_dma/dma.c.obj
                0x10007f54                        . = ALIGN (0x4)
 *(SORT_BY_ALIGNMENT(SORT_BY_NAME(.flashdata*)))
                0x10007f54                        . = ALIGN (0x4)

.ARM.extab
 *(.ARM.extab* .gnu.linkonce.armextab.*)
                0x10007f34                        __exidx_start = .

.ARM.exidx
 *(.ARM.exidx* .gnu.linkonce.armexidx.*)
                0x10007f34                        __exidx_end = .
                0x10007f54                        . = ALIGN (0x4)
                0x10007f34                        __binary_info_start = .

.binary_info    0x10007f34       0x20
 *(.binary_info.keep.*)
 .binary_info.keep.__bi_ptr84
                0x10007f34        0x4 examples/hello_analog_microphone/CMakeFiles/hello_analog_microphone.dir/C_/Users/Asus/.pico-sdk/sdk/2.1.0/src/rp2_common/pico_standard_binary_info/standard_binary_info.c.obj
 .binary_info.keep.__bi_ptr78
                0x10007f38        0x4 examples/hello_analog_microphone/CMakeFiles/hello_analog_microphone.dir/C_/Users/Asus/.pico-sdk/sdk/2.1.0/src/rp2_common/pico_standard_binary_info/standard_binary_info.c.obj
 .binary_info.keep.__bi_ptr54
                0x10007f3c        0x4 examples/hello_analog_microphone/CMakeFiles/hello_analog_microphone.dir/C_/Users/Asus/.pico-sdk/sdk/2.1.0/src/rp2_common/pico_standard_binary_info/standard_binary_info.c.obj
 .binary_info.keep.__bi_ptr48
                0x10007f40        0x4 examples/hello_analog_microphone/CMakeFiles/hello_analog_microphone.dir/C_/Users/Asus/.pico-sdk/sdk/2.1.0/src/rp2_common/pico_standard_binary_info/standard_binary_info.c.obj
 .binary_info.keep.__bi_ptr42
                0x10007f44        0x4 examples/hello_analog_microphone/CMakeFiles/hello_analog_microphone.dir/C_/Users/Asus/.pico-sdk/sdk/2.1.0/src/rp2_common/pico_standard_binary_info/standard_binary_info.c.obj
 .binary_info.keep.__bi_ptr34
                0x10007f48        0x4 examples/hello_analog_microphone/CMakeFiles/hello_analog_microphone.dir/C_/Users/Asus/.pico-sdk/sdk/2.1.0/src/rp2_common/pico_standard_binary_info/standard_binary_info.c.obj
 .binary_info.keep.__bi_ptr26
                0x10007f4c        0x4 examples/hello_analog_microphone/CMakeFiles/hello_analog_microphone.dir/C_/Users/Asus/.pico-sdk/sdk/2.1.0/src/rp2_common/pico_standard_binary_info/standard_binary_info.c.obj
 *(.binary_info.*)
 .binary_info.__bi_ptr197
                0x10007f50        0x4 examples/hello_analog_microphone/CMakeFiles/hello_analog_microphone.dir/C_/Users/Asus/.pico-sdk/sdk/2.1.0/src/rp2_common/pico_stdio_usb/stdio_usb.c.obj
                0x10007f54                        __binary_info_end = .

.rel.dyn        0x10007f54        0x0
 .rel.iplt      0x10007f54        0x0 C:/Users/Asus/.pico-sdk/toolchain/13_3_Rel1/bin/../lib/gcc/arm-none-eabi/13.3.1/thumb/v6-m/nofp/crtbegin.o
                0x10007f54                        . = ALIGN (0x4)

.ram_vector_table
                0x20000000       0xc0
 *(.ram_vector_table)
 .ram_vector_table
                0x20000000       0xc0 examples/hello_analog_microphone/CMakeFiles/hello_analog_microphone.dir/C_/Users/Asus/.pico-sdk/sdk/2.1.0/src/rp2_common/pico_runtime_init/runtime_init.c.obj
                0x20000000                ram_vector_table

.uninitialized_data
                0x200000c0        0x0
                0x200000c0                        . = ALIGN (0x4)
 *(.uninitialized_data*)

.data           0x200000c0     0x14f8 load address 0x10007f54
                0x200000c0                        __data_start__ = .
 *(vtable)
 *(.time_critical*)
 .time_critical.mutex_try_enter
                0x200000c0       0x40 examples/hello_analog_microphone/CMakeFiles/hello_analog_microphone.dir/C_/Users/Asus/.pico-sdk/sdk/2.1.0/src/common/pico_sync/mutex.c.obj
                0x200000c0                mutex_try_enter
 .time_critical.mutex_try_enter_block_until
                0x20000100       0x9c examples/hello_analog_microphone/CMakeFiles/hello_analog_microphone.dir/C_/Users/Asus/.pico-sdk/sdk/2.1.0/src/common/pico_sync/mutex.c.obj
                0x20000100                mutex_try_enter_block_until
 .time_critical.mutex_enter_timeout_ms
                0x2000019c       0x90 examples/hello_analog_microphone/CMakeFiles/hello_analog_microphone.dir/C_/Users/Asus/.pico-sdk/sdk/2.1.0/src/common/pico_sync/mutex.c.obj
                0x2000019c                mutex_enter_timeout_ms
 .time_critical.mutex_exit
                0x2000022c       0x28 examples/hello_analog_microphone/CMakeFiles/hello_analog_microphone.dir/C_/Users/Asus/.pico-sdk/sdk/2.1.0/src/common/pico_sync/mutex.c.obj
                0x2000022c                mutex_exit
 .time_critical.flash_init_boot2_copyout
                0x20000254       0x30 examples/hello_analog_microphone/CMakeFiles/hello_analog_microphone.dir/C_/Users/Asus/.pico-sdk/sdk/2.1.0/src/rp2_common/hardware_flash/flash.c.obj
 .time_critical.flash_enable_xip_via_boot2
                0x20000284        0xc examples/hello_analog_microphone/CMakeFiles/hello_analog_microphone.dir/C_/Users/Asus/.pico-sdk/sdk/2.1.0/src/rp2_common/hardware_flash/flash.c.obj
 .time_critical.flash_cs_force
                0x20000290       0x38 examples/hello_analog_microphone/CMakeFiles/hello_analog_microphone.dir/C_/Users/Asus/.pico-sdk/sdk/2.1.0/src/rp2_common/hardware_flash/flash.c.obj
 .time_critical.flash_do_cmd
                0x200002c8       0xc0 examples/hello_analog_microphone/CMakeFiles/hello_analog_microphone.dir/C_/Users/Asus/.pico-sdk/sdk/2.1.0/src/rp2_common/hardware_flash/flash.c.obj
                0x200002c8                flash_do_cmd
 .time_critical.reset_non_control_endpoints
                0x20000388       0x68 examples/hello_analog_microphone/CMakeFiles/hello_analog_microphone.dir/C_/Users/Asus/.pico-sdk/sdk/2.1.0/lib/tinyusb/src/portable/raspberrypi/rp2040/dcd_rp2040.c.obj
 .time_critical.hw_handle_buff_status
                0x200003f0       0xb0 examples/hello_analog_microphone/CMakeFiles/hello_analog_microphone.dir/C_/Users/Asus/.pico-sdk/sdk/2.1.0/lib/tinyusb/src/portable/raspberrypi/rp2040/dcd_rp2040.c.obj
 .time_critical.dcd_rp2040_irq
                0x200004a0      0x578 examples/hello_analog_microphone/CMakeFiles/hello_analog_microphone.dir/C_/Users/Asus/.pico-sdk/sdk/2.1.0/lib/tinyusb/src/portable/raspberrypi/rp2040/dcd_rp2040.c.obj
 .time_critical.prepare_ep_buffer
                0x20000a18       0xe0 examples/hello_analog_microphone/CMakeFiles/hello_analog_microphone.dir/C_/Users/Asus/.pico-sdk/sdk/2.1.0/lib/tinyusb/src/portable/raspberrypi/rp2040/rp2040_usb.c.obj
 .time_critical.sync_ep_buffer
                0x20000af8       0xa8 examples/hello_analog_microphone/CMakeFiles/hello_analog_microphone.dir/C_/Users/Asus/.pico-sdk/sdk/2.1.0/lib/tinyusb/src/portable/raspberrypi/rp2040/rp2040_usb.c.obj
 .time_critical._hw_endpoint_xfer_sync
                0x20000ba0       0x28 examples/hello_analog_microphone/CMakeFiles/hello_analog_microphone.dir/C_/Users/Asus/.pico-sdk/sdk/2.1.0/lib/tinyusb/src/portable/raspberrypi/rp2040/rp2040_usb.c.obj
 .time_critical.e15_is_bulkin_ep
                0x20000bc8       0x28 examples/hello_analog_microphone/CMakeFiles/hello_analog_microphone.dir/C_/Users/Asus/.pico-sdk/sdk/2.1.0/lib/tinyusb/src/portable/raspberrypi/rp2040/rp2040_usb.c.obj
 .time_critical.e15_is_critical_frame_period
                0x20000bf0       0x34 examples/hello_analog_microphone/CMakeFiles/hello_analog_microphone.dir/C_/Users/Asus/.pico-sdk/sdk/2.1.0/lib/tinyusb/src/portable/raspberrypi/rp2040/rp2040_usb.c.obj
 .time_critical.hw_endpoint_reset_transfer
                0x20000c24        0xc examples/hello_analog_microphone/CMakeFiles/hello_analog_microphone.dir/C_/Users/Asus/.pico-sdk/sdk/2.1.0/lib/tinyusb/src/portable/raspberrypi/rp2040/rp2040_usb.c.obj
                0x20000c24                hw_endpoint_reset_transfer